Archive member included to satisfy reference by file (symbol)

/Applications/ArmGNUToolchain/13.2.Rel1/arm-none-eabi/bin/../lib/gcc/arm-none-eabi/13.2.1/thumb/v6-m/nofp/libgcc.a(_dvmd_tls.o)
                              CMakeFiles/doom_tiny.dir/Users/zapp/dev/dc32_nibbler/pico-sdk/src/rp2_common/pico_divider/divider.S.obj (__aeabi_idiv0)
/Applications/ArmGNUToolchain/13.2.Rel1/arm-none-eabi/bin/../lib/gcc/arm-none-eabi/13.2.1/../../../../arm-none-eabi/lib/thumb/v6-m/nofp/libg.a(libc_a-realloc.o)
                              CMakeFiles/doom_tiny.dir/pico/i_system.c.obj (realloc)
/Applications/ArmGNUToolchain/13.2.Rel1/arm-none-eabi/bin/../lib/gcc/arm-none-eabi/13.2.1/../../../../arm-none-eabi/lib/thumb/v6-m/nofp/libg.a(libc_a-reallocr.o)
                              /Applications/ArmGNUToolchain/13.2.Rel1/arm-none-eabi/bin/../lib/gcc/arm-none-eabi/13.2.1/../../../../arm-none-eabi/lib/thumb/v6-m/nofp/libg.a(libc_a-realloc.o) (_realloc_r)
/Applications/ArmGNUToolchain/13.2.Rel1/arm-none-eabi/bin/../lib/gcc/arm-none-eabi/13.2.1/../../../../arm-none-eabi/lib/thumb/v6-m/nofp/libg.a(libc_a-sscanf.o)
                              CMakeFiles/doom_tiny.dir/m_misc.c.obj (sscanf)
/Applications/ArmGNUToolchain/13.2.Rel1/arm-none-eabi/bin/../lib/gcc/arm-none-eabi/13.2.1/../../../../arm-none-eabi/lib/thumb/v6-m/nofp/libg.a(libc_a-stdio.o)
                              /Applications/ArmGNUToolchain/13.2.Rel1/arm-none-eabi/bin/../lib/gcc/arm-none-eabi/13.2.1/../../../../arm-none-eabi/lib/thumb/v6-m/nofp/libg.a(libc_a-sscanf.o) (__seofread)
/Applications/ArmGNUToolchain/13.2.Rel1/arm-none-eabi/bin/../lib/gcc/arm-none-eabi/13.2.1/../../../../arm-none-eabi/lib/thumb/v6-m/nofp/libg.a(libc_a-memcmp.o)
                              CMakeFiles/doom_tiny.dir/midifile.c.obj (memcmp)
/Applications/ArmGNUToolchain/13.2.Rel1/arm-none-eabi/bin/../lib/gcc/arm-none-eabi/13.2.1/../../../../arm-none-eabi/lib/thumb/v6-m/nofp/libg.a(libc_a-memmove.o)
                              CMakeFiles/doom_tiny.dir/pico/i_system.c.obj (memmove)
/Applications/ArmGNUToolchain/13.2.Rel1/arm-none-eabi/bin/../lib/gcc/arm-none-eabi/13.2.1/../../../../arm-none-eabi/lib/thumb/v6-m/nofp/libg.a(libc_a-strdup.o)
                              CMakeFiles/doom_tiny.dir/m_misc.c.obj (strdup)
/Applications/ArmGNUToolchain/13.2.Rel1/arm-none-eabi/bin/../lib/gcc/arm-none-eabi/13.2.1/../../../../arm-none-eabi/lib/thumb/v6-m/nofp/libg.a(libc_a-strdup_r.o)
                              /Applications/ArmGNUToolchain/13.2.Rel1/arm-none-eabi/bin/../lib/gcc/arm-none-eabi/13.2.1/../../../../arm-none-eabi/lib/thumb/v6-m/nofp/libg.a(libc_a-strdup.o) (_strdup_r)
/Applications/ArmGNUToolchain/13.2.Rel1/arm-none-eabi/bin/../lib/gcc/arm-none-eabi/13.2.1/../../../../arm-none-eabi/lib/thumb/v6-m/nofp/libg.a(libc_a-strncmp.o)
                              CMakeFiles/doom_tiny.dir/m_misc.c.obj (strncmp)
/Applications/ArmGNUToolchain/13.2.Rel1/arm-none-eabi/bin/../lib/gcc/arm-none-eabi/13.2.1/../../../../arm-none-eabi/lib/thumb/v6-m/nofp/libg.a(libc_a-strncpy.o)
                              CMakeFiles/doom_tiny.dir/m_misc.c.obj (strncpy)
/Applications/ArmGNUToolchain/13.2.Rel1/arm-none-eabi/bin/../lib/gcc/arm-none-eabi/13.2.1/../../../../arm-none-eabi/lib/thumb/v6-m/nofp/libg.a(libc_a-strstr.o)
                              CMakeFiles/doom_tiny.dir/m_misc.c.obj (strstr)
/Applications/ArmGNUToolchain/13.2.Rel1/arm-none-eabi/bin/../lib/gcc/arm-none-eabi/13.2.1/../../../../arm-none-eabi/lib/thumb/v6-m/nofp/libg.a(libc_a-closer.o)
                              /Applications/ArmGNUToolchain/13.2.Rel1/arm-none-eabi/bin/../lib/gcc/arm-none-eabi/13.2.1/../../../../arm-none-eabi/lib/thumb/v6-m/nofp/libg.a(libc_a-stdio.o) (_close_r)
/Applications/ArmGNUToolchain/13.2.Rel1/arm-none-eabi/bin/../lib/gcc/arm-none-eabi/13.2.1/../../../../arm-none-eabi/lib/thumb/v6-m/nofp/libg.a(libc_a-reent.o)
                              /Applications/ArmGNUToolchain/13.2.Rel1/arm-none-eabi/bin/../lib/gcc/arm-none-eabi/13.2.1/../../../../arm-none-eabi/lib/thumb/v6-m/nofp/libg.a(libc_a-closer.o) (errno)
/Applications/ArmGNUToolchain/13.2.Rel1/arm-none-eabi/bin/../lib/gcc/arm-none-eabi/13.2.1/../../../../arm-none-eabi/lib/thumb/v6-m/nofp/libg.a(libc_a-impure.o)
                              /Applications/ArmGNUToolchain/13.2.Rel1/arm-none-eabi/bin/../lib/gcc/arm-none-eabi/13.2.1/../../../../arm-none-eabi/lib/thumb/v6-m/nofp/libg.a(libc_a-realloc.o) (_impure_ptr)
/Applications/ArmGNUToolchain/13.2.Rel1/arm-none-eabi/bin/../lib/gcc/arm-none-eabi/13.2.1/../../../../arm-none-eabi/lib/thumb/v6-m/nofp/libg.a(libc_a-lseekr.o)
                              /Applications/ArmGNUToolchain/13.2.Rel1/arm-none-eabi/bin/../lib/gcc/arm-none-eabi/13.2.1/../../../../arm-none-eabi/lib/thumb/v6-m/nofp/libg.a(libc_a-stdio.o) (_lseek_r)
/Applications/ArmGNUToolchain/13.2.Rel1/arm-none-eabi/bin/../lib/gcc/arm-none-eabi/13.2.1/../../../../arm-none-eabi/lib/thumb/v6-m/nofp/libg.a(libc_a-readr.o)
[...]
Memory Configuration

Name             Origin             Length             Attributes
FLASH            0x10000000         0x00200000         xr
RAM              0x20000000         0x00040000         xrw
SCRATCH_X        0x20040000         0x00001000         xrw
SCRATCH_Y        0x20041000         0x00001000         xrw
*default*        0x00000000         0xffffffff

Linker script and memory map

LOAD /Applications/ArmGNUToolchain/13.2.Rel1/arm-none-eabi/bin/../lib/gcc/arm-none-eabi/13.2.1/thumb/v6-m/nofp/crti.o
LOAD /Applications/ArmGNUToolchain/13.2.Rel1/arm-none-eabi/bin/../lib/gcc/arm-none-eabi/13.2.1/thumb/v6-m/nofp/crtbegin.o
LOAD /Applications/ArmGNUToolchain/13.2.Rel1/arm-none-eabi/bin/../lib/gcc/arm-none-eabi/13.2.1/../../../../arm-none-eabi/lib/thumb/v6-m/nofp/crt0.o

.flash_begin    0x10000000        0x0
                0x10000000                        __flash_binary_start = .

.boot2          0x10000000      0x100
                0x10000000                        __boot2_start__ = .
 *(.boot2)
 .boot2         0x10000000      0x100 /var/folders/rh/6hb0hqmd2l1dqtwxkhlwqh040000gn/T//ccvwk8oK.o
                0x10000100                        __boot2_end__ = .
                0x00000001                        ASSERT (((__boot2_end__ - __boot2_start__) == 0x100), ERROR: Pico second stage bootloader must be 256 bytes in size)

.text           0x10000100    0x31190
                0x10000100                        __logical_binary_start = .
 *(.vectors)
 .vectors       0x10000100       0xd4 CMakeFiles/doom_tiny.dir/Users/zapp/dev/dc32_nibbler/pico-sdk/src/rp2_common/pico_standard_link/crt0.S.obj
                0x10000100                __VECTOR_TABLE
                0x10000100                __vectors
                0x100001c0                isr_invalid
                0x100001c0                __default_isrs_start
                0x100001c2                isr_nmi
                0x100001c4                isr_hardfault
                0x100001c6                isr_svcall
                0x100001c8                isr_pendsv
                0x100001ca                isr_systick
                0x100001cc                isr_irq19
                0x100001cc                isr_irq0
                0x100001cc                isr_irq6
                0x100001cc                isr_irq22
                0x100001cc                isr_irq17
                0x100001cc                isr_irq14
                0x100001cc                isr_irq2
                0x100001cc                isr_irq10
                0x100001cc                isr_irq24
                0x100001cc                isr_irq1
                0x100001cc                isr_irq21
                0x100001cc                isr_irq20
                0x100001cc                isr_irq15
                0x100001cc                isr_irq25
                0x100001cc                isr_irq4
                0x100001cc                isr_irq16
                0x100001cc                isr_irq29
                0x100001cc                isr_irq26
                0x100001cc                __default_isrs_end
                0x100001cc                isr_irq3
                0x100001cc                isr_irq9
                0x100001cc                __unhandled_user_irq
                0x100001cc                isr_irq13
                0x100001cc                isr_irq27
                0x100001cc                isr_irq31
                0x100001cc                isr_irq5
                0x100001cc                isr_irq23
                0x100001cc                isr_irq18
                0x100001cc                isr_irq28
                0x100001cc                isr_irq30
                0x100001cc                isr_irq12
                0x100001d2                unhandled_user_irq_num_in_r0
 *(.binary_info_header)
 .binary_info_header
                0x100001d4       0x14 CMakeFiles/doom_tiny.dir/Users/zapp/dev/dc32_nibbler/pico-sdk/src/rp2_common/pico_standard_link/crt0.S.obj
                0x100001e8                        __binary_info_header_end = .
 *(.reset)
 .reset         0x100001e8       0xa0 CMakeFiles/doom_tiny.dir/Users/zapp/dev/dc32_nibbler/pico-sdk/src/rp2_common/pico_standard_link/crt0.S.obj
                0x100001e8                _entry_point
 .reset         0x10000288       0x30 CMakeFiles/doom_tiny.dir/Users/zapp/dev/dc32_nibbler/pico-sdk/src/rp2_common/pico_standard_link/binary_info.c.obj
 *(.init)
 .init          0x100002b8        0x4 /Applications/ArmGNUToolchain/13.2.Rel1/arm-none-eabi/bin/../lib/gcc/arm-none-eabi/13.2.1/thumb/v6-m/nofp/crti.o
                0x100002b8                _init
 *(EXCLUDE_FILE(*libm.a: *libc.a:*lib_a-mem*.o *libgcc.a:) .text*)
 .text.register_tm_clones
                0x100002bc       0x28 /Applications/ArmGNUToolchain/13.2.Rel1/arm-none-eabi/bin/../lib/gcc/arm-none-eabi/13.2.1/thumb/v6-m/nofp/crtbegin.o
 .text.frame_dummy
                0x100002e4       0x24 /Applications/ArmGNUToolchain/13.2.Rel1/arm-none-eabi/bin/../lib/gcc/arm-none-eabi/13.2.1/thumb/v6-m/nofp/crtbegin.o
 .text.th_bit   0x10000308       0x38 CMakeFiles/doom_tiny.dir/tiny_huff.c.obj
 .text.th_fill_byte
                0x10000340       0x48 CMakeFiles/doom_tiny.dir/tiny_huff.c.obj
 .text.th_read_bits
                0x10000388       0x44 CMakeFiles/doom_tiny.dir/tiny_huff.c.obj
 .text.th_decoder_size
                0x100003cc       0x1c CMakeFiles/doom_tiny.dir/tiny_huff.c.obj
                0x100003cc                th_decoder_size
 .text.th_create_decoder
                0x100003e8      0x108 CMakeFiles/doom_tiny.dir/tiny_huff.c.obj
                0x100003e8                th_create_decoder
 .text.th_create_decoder_16
                0x100004f0      0x110 CMakeFiles/doom_tiny.dir/tiny_huff.c.obj
                0x100004f0                th_create_decoder_16
 .text.th_read_simple_decoder
                0x10000600      0x240 CMakeFiles/doom_tiny.dir/tiny_huff.c.obj
                0x10000600                th_read_simple_decoder
 .text.th_bit   0x10000840       0x38 CMakeFiles/doom_tiny.dir/musx_decoder.c.obj
 .text.th_fill_byte
                0x10000878       0x48 CMakeFiles/doom_tiny.dir/musx_decoder.c.obj
 .text.th_read_bits
                0x100008c0       0x44 CMakeFiles/doom_tiny.dir/musx_decoder.c.obj
 .text.read_channel_event_decoder
                0x10000904       0xec CMakeFiles/doom_tiny.dir/musx_decoder.c.obj
                0x10000904                read_channel_event_decoder
 .text.musx_decoder_init
                0x100009f0      0x1d8 CMakeFiles/doom_tiny.dir/musx_decoder.c.obj
                0x100009f0                musx_decoder_init
 .text.th_bit   0x10000bc8       0x38 CMakeFiles/doom_tiny.dir/image_decoder.c.obj
 .text.th_fill_byte
                0x10000c00       0x48 CMakeFiles/doom_tiny.dir/image_decoder.c.obj
 .text.th_read_bits
                0x10000c48       0x44 CMakeFiles/doom_tiny.dir/image_decoder.c.obj
 .text.th_decode_table_special
                0x10000c8c      0x108 CMakeFiles/doom_tiny.dir/image_decoder.c.obj
 .text.decode_data
                0x10000d94       0x98 CMakeFiles/doom_tiny.dir/image_decoder.c.obj
                0x10000d94                decode_data
 .text.D_PostEvent
                0x10000e2c       0x34 CMakeFiles/doom_tiny.dir/d_event.c.obj
                0x10000e2c                D_PostEvent
 .text.D_PopEvent
                0x10000e60       0x3c CMakeFiles/doom_tiny.dir/d_event.c.obj
                0x10000e60                D_PopEvent
 .text.IdentifyIWADByName
                0x10000e9c       0x38 CMakeFiles/doom_tiny.dir/d_iwad.c.obj
                0x10000e9c                IdentifyIWADByName
 .text.PlayersInGame
                0x10000ed4       0x44 CMakeFiles/doom_tiny.dir/d_loop.c.obj
 .text.TicdupSquash
                0x10000f18       0x24 CMakeFiles/doom_tiny.dir/d_loop.c.obj
 .text.SinglePlayerClear
                0x10000f3c       0x24 CMakeFiles/doom_tiny.dir/d_loop.c.obj
 .text.StrictDemos
                0x10000f60        0x4 CMakeFiles/doom_tiny.dir/d_loop.c.obj
 .text.IsDemoFile
                0x10000f64        0x4 CMakeFiles/doom_tiny.dir/d_loop.c.obj
 .text.GetAdjustedTime
                0x10000f68       0x2c CMakeFiles/doom_tiny.dir/d_loop.c.obj
 .text.BuildNewTic
                0x10000f94       0xd0 CMakeFiles/doom_tiny.dir/d_loop.c.obj
 .text.GetLowTic
                0x10001064       0x50 CMakeFiles/doom_tiny.dir/d_loop.c.obj
 .text.NetUpdate
                0x100010b4       0x60 CMakeFiles/doom_tiny.dir/d_loop.c.obj
                0x100010b4                NetUpdate
 .text.D_StartGameLoop
                0x10001114       0x20 CMakeFiles/doom_tiny.dir/d_loop.c.obj
                0x10001114                D_StartGameLoop
 .text.TryRunTics
                0x10001134      0x190 CMakeFiles/doom_tiny.dir/d_loop.c.obj
                0x10001134                TryRunTics
 .text.D_RegisterLoopCallbacks
                0x100012c4        0xc CMakeFiles/doom_tiny.dir/d_loop.c.obj
                0x100012c4                D_RegisterLoopCallbacks
 .text.D_NonVanillaPlayback
                0x100012d0       0x44 CMakeFiles/doom_tiny.dir/d_loop.c.obj
                0x100012d0                D_NonVanillaPlayback
 .text.D_StartNetGame
                0x10001314       0x48 CMakeFiles/doom_tiny.dir/d_loop.c.obj
                0x10001314                D_StartNetGame
 .text.D_StartPicoNetGame
                0x1000135c       0x28 CMakeFiles/doom_tiny.dir/d_loop.c.obj
                0x1000135c                D_StartPicoNetGame
 .text.musx_record_note_on
                0x10001384       0xa8 CMakeFiles/doom_tiny.dir/midifile.c.obj
 .text.musx_record_note_off
                0x1000142c      0x118 CMakeFiles/doom_tiny.dir/midifile.c.obj
 .text.th_fill_byte
                0x10001544       0x48 CMakeFiles/doom_tiny.dir/midifile.c.obj
 .text.th_read_bits
                0x1000158c       0x44 CMakeFiles/doom_tiny.dir/midifile.c.obj
 .text.th_bit   0x100015d0       0x38 CMakeFiles/doom_tiny.dir/midifile.c.obj
 .text.th_decode
                0x10001608       0x80 CMakeFiles/doom_tiny.dir/midifile.c.obj
 .text.MIDI_FreeFile
                0x10001688        0x8 CMakeFiles/doom_tiny.dir/midifile.c.obj
                0x10001688                MIDI_FreeFile
 .text.MIDI_NumTracks
                0x10001690        0x4 CMakeFiles/doom_tiny.dir/midifile.c.obj
                0x10001690                MIDI_NumTracks
 .text.MIDI_FreeIterator
                0x10001694        0x8 CMakeFiles/doom_tiny.dir/midifile.c.obj
                0x10001694                MIDI_FreeIterator
 .text.MIDI_GetDeltaTime
                0x1000169c       0x12 CMakeFiles/doom_tiny.dir/midifile.c.obj
                0x1000169c                MIDI_GetDeltaTime
 .text.MIDI_GetFileTimeDivision
                0x100016ae        0x4 CMakeFiles/doom_tiny.dir/midifile.c.obj
                0x100016ae                MIDI_GetFileTimeDivision
 *fill*         0x100016b2        0x2 
 .text.MUSX_LoadRaw
                0x100016b4       0x5c CMakeFiles/doom_tiny.dir/midifile.c.obj
                0x100016b4                MUSX_LoadRaw
 .text.peek_event
                0x10001710      0x368 CMakeFiles/doom_tiny.dir/midifile.c.obj
                0x10001710                peek_event
 .text.MIDI_GetNextEvent
                0x10001a78       0x18 CMakeFiles/doom_tiny.dir/midifile.c.obj
                0x10001a78                MIDI_GetNextEvent
 .text.MIDI_RestartIterator
                0x10001a90       0x50 CMakeFiles/doom_tiny.dir/midifile.c.obj
                0x10001a90                MIDI_RestartIterator
 .text.MIDI_IterateTrack
                0x10001ae0       0x40 CMakeFiles/doom_tiny.dir/midifile.c.obj
                0x10001ae0                MIDI_IterateTrack
 .text.M_ClearBox
                0x10001b20       0x14 CMakeFiles/doom_tiny.dir/m_bbox.c.obj
                0x10001b20                M_ClearBox
 .text.M_AddToBox
                0x10001b34       0x26 CMakeFiles/doom_tiny.dir/m_bbox.c.obj
                0x10001b34                M_AddToBox
 *fill*         0x10001b5a        0x2 
 .text.cht_CheckCheat
                0x10001b5c       0x84 CMakeFiles/doom_tiny.dir/m_cheat.c.obj
                0x10001b5c                cht_CheckCheat
 .text.cht_GetParam
                0x10001be0       0x14 CMakeFiles/doom_tiny.dir/m_cheat.c.obj
                0x10001be0                cht_GetParam
 .text.M_BindBaseControls
                0x10001bf4        0x2 CMakeFiles/doom_tiny.dir/m_controls.c.obj
                0x10001bf4                M_BindBaseControls
 .text.M_BindWeaponControls
                0x10001bf6        0x2 CMakeFiles/doom_tiny.dir/m_controls.c.obj
                0x10001bf6                M_BindWeaponControls
 .text.M_BindMapControls
                0x10001bf8        0x2 CMakeFiles/doom_tiny.dir/m_controls.c.obj
                0x10001bf8                M_BindMapControls
 .text.M_BindMenuControls
                0x10001bfa        0x2 CMakeFiles/doom_tiny.dir/m_controls.c.obj
                0x10001bfa                M_BindMenuControls
 .text.M_BindChatControls
                0x10001bfc       0x24 CMakeFiles/doom_tiny.dir/m_controls.c.obj
                0x10001bfc                M_BindChatControls
 .text.M_ApplyPlatformDefaults
                0x10001c20        0x2 CMakeFiles/doom_tiny.dir/m_controls.c.obj
                0x10001c20                M_ApplyPlatformDefaults
 .text.FixedMulInline
                0x10001c22       0x20 CMakeFiles/doom_tiny.dir/m_fixed.c.obj
 .text.FixedMul
                0x10001c42        0x8 CMakeFiles/doom_tiny.dir/m_fixed.c.obj
                0x10001c42                FixedMul
 *fill*         0x10001c4a        0x2 
 .text.FixedDiv
                0x10001c4c       0x34 CMakeFiles/doom_tiny.dir/m_fixed.c.obj
                0x10001c4c                FixedDiv
 .text.W_CacheLumpNum
                0x10001c80       0x1c CMakeFiles/doom_tiny.dir/v_video.c.obj
 .text.V_BeginPatchList
                0x10001c9c       0x14 CMakeFiles/doom_tiny.dir/v_video.c.obj
                0x10001c9c                V_BeginPatchList
 .text.V_DrawPatchList
                0x10001cb0      0x8d0 CMakeFiles/doom_tiny.dir/v_video.c.obj
                0x10001cb0                V_DrawPatchList
 .text.V_DrawPatchN
                0x10002580      0x128 CMakeFiles/doom_tiny.dir/v_video.c.obj
                0x10002580                V_DrawPatchN
 .text.V_DrawPatch
                0x100026a8        0xc CMakeFiles/doom_tiny.dir/v_video.c.obj
                0x100026a8                V_DrawPatch
 .text.V_DrawPatchDirect
                0x100026b4        0x8 CMakeFiles/doom_tiny.dir/v_video.c.obj
                0x100026b4                V_DrawPatchDirect
 .text.V_DrawPatchDirectN
                0x100026bc        0x8 CMakeFiles/doom_tiny.dir/v_video.c.obj
                0x100026bc                V_DrawPatchDirectN
 .text.V_Init   0x100026c4        0x4 CMakeFiles/doom_tiny.dir/v_video.c.obj
                0x100026c4                V_Init
 .text.V_RestoreBuffer
                0x100026c8       0x14 CMakeFiles/doom_tiny.dir/v_video.c.obj
                0x100026c8                V_RestoreBuffer
 .text.W_AddFile
                0x100026dc       0x7c CMakeFiles/doom_tiny.dir/w_wad.c.obj
                0x100026dc                W_AddFile
 .text.W_CheckNumForName
                0x10002758       0x60 CMakeFiles/doom_tiny.dir/w_wad.c.obj
                0x10002758                W_CheckNumForName
 .text.W_GetNumForName
                0x100027b8       0x10 CMakeFiles/doom_tiny.dir/w_wad.c.obj
                0x100027b8                W_GetNumForName
 .text.W_LumpLength
                0x100027c8       0x2c CMakeFiles/doom_tiny.dir/w_wad.c.obj
                0x100027c8                W_LumpLength
 .text.W_CacheLumpName
                0x100027f4       0x24 CMakeFiles/doom_tiny.dir/w_wad.c.obj
                0x100027f4                W_CacheLumpName
 .text.W_ReleaseLumpNum
                0x10002818       0x10 CMakeFiles/doom_tiny.dir/w_wad.c.obj
                0x10002818                W_ReleaseLumpNum
 .text.W_ReleaseLumpName
                0x10002828        0xc CMakeFiles/doom_tiny.dir/w_wad.c.obj
                0x10002828                W_ReleaseLumpName
 .text.W_OpenFile
                0x10002834       0x24 CMakeFiles/doom_tiny.dir/w_file.c.obj
                0x10002834                W_OpenFile
 .text.W_Memory_CloseFile
                0x10002858        0x2 CMakeFiles/doom_tiny.dir/w_file_memory.c.obj
 .text.W_Memory_Read
                0x1000285a       0x16 CMakeFiles/doom_tiny.dir/w_file_memory.c.obj
                0x1000285a                W_Memory_Read
 .text.W_Memory_OpenFile
                0x10002870       0x48 CMakeFiles/doom_tiny.dir/w_file_memory.c.obj
 .text.ptr_to_shortptr
                0x100028b8       0x40 CMakeFiles/doom_tiny.dir/z_zone.c.obj
 .text.set_memblock_size
                0x100028f8       0x34 CMakeFiles/doom_tiny.dir/z_zone.c.obj
 .text.Z_ObjectExtra
                0x1000292c        0x4 CMakeFiles/doom_tiny.dir/z_zone.c.obj
                0x1000292c                Z_ObjectExtra
 .text.Z_Init   0x10002930       0x48 CMakeFiles/doom_tiny.dir/z_zone.c.obj
                0x10002930                Z_Init
 .text.Z_Free   0x10002978       0xc8 CMakeFiles/doom_tiny.dir/z_zone.c.obj
                0x10002978                Z_Free
 .text.Z_MallocNoUser
                0x10002a40      0x1a0 CMakeFiles/doom_tiny.dir/z_zone.c.obj
                0x10002a40                Z_MallocNoUser
 .text.Z_FreeTags
                0x10002be0       0x5c CMakeFiles/doom_tiny.dir/z_zone.c.obj
                0x10002be0                Z_FreeTags
 .text.Z_CheckHeap
                0x10002c3c        0x2 CMakeFiles/doom_tiny.dir/z_zone.c.obj
                0x10002c3c                Z_CheckHeap
 *fill*         0x10002c3e        0x2 
 .text.GetFreeVoice
                0x10002c40       0x50 CMakeFiles/doom_tiny.dir/i_oplmusic.c.obj
 .text.InitVoices
                0x10002c90       0x6c CMakeFiles/doom_tiny.dir/i_oplmusic.c.obj
 .text.TrackChannelForEvent
                0x10002cfc       0x24 CMakeFiles/doom_tiny.dir/i_oplmusic.c.obj
 .text.FrequencyForVoice
                0x10002d20       0x94 CMakeFiles/doom_tiny.dir/i_oplmusic.c.obj
 .text.ProgramChangeEvent
                0x10002db4       0x20 CMakeFiles/doom_tiny.dir/i_oplmusic.c.obj
 .text.InitChannel
                0x10002dd4       0x2c CMakeFiles/doom_tiny.dir/i_oplmusic.c.obj
 .text.I_OPL_MusicIsPlaying
                0x10002e00       0x1c CMakeFiles/doom_tiny.dir/i_oplmusic.c.obj
 .text.ScheduleTrack
                0x10002e1c       0x38 CMakeFiles/doom_tiny.dir/i_oplmusic.c.obj
 .text.RestartSong
                0x10002e54       0x84 CMakeFiles/doom_tiny.dir/i_oplmusic.c.obj
                0x10002e54                RestartSong
 .text.VoiceKeyOff
                0x10002ed8       0x18 CMakeFiles/doom_tiny.dir/i_oplmusic.c.obj
 .text.ReleaseVoice
                0x10002ef0       0x84 CMakeFiles/doom_tiny.dir/i_oplmusic.c.obj
 .text.KeyOffEvent
                0x10002f74       0x40 CMakeFiles/doom_tiny.dir/i_oplmusic.c.obj
 .text.ReplaceExistingVoiceDoom1
                0x10002fb4       0x38 CMakeFiles/doom_tiny.dir/i_oplmusic.c.obj
 .text.ReplaceExistingVoiceDoom2
                0x10002fec       0x40 CMakeFiles/doom_tiny.dir/i_oplmusic.c.obj
 .text.ReplaceExistingVoice
                0x1000302c       0x40 CMakeFiles/doom_tiny.dir/i_oplmusic.c.obj
 .text.AllNotesOff
                0x1000306c       0x34 CMakeFiles/doom_tiny.dir/i_oplmusic.c.obj
 .text.LoadOperatorData
                0x100030a0       0x4c CMakeFiles/doom_tiny.dir/i_oplmusic.c.obj
 .text.SetVoiceInstrument
                0x100030ec       0x6e CMakeFiles/doom_tiny.dir/i_oplmusic.c.obj
 .text.UpdateVoiceFrequency
                0x1000315a       0x3c CMakeFiles/doom_tiny.dir/i_oplmusic.c.obj
 *fill*         0x10003196        0x2 
 .text.PitchBendEvent
                0x10003198       0x84 CMakeFiles/doom_tiny.dir/i_oplmusic.c.obj
 .text.SetVoiceVolume
                0x1000321c       0xb4 CMakeFiles/doom_tiny.dir/i_oplmusic.c.obj
 .text.VoiceKeyOn
                0x100032d0       0x5c CMakeFiles/doom_tiny.dir/i_oplmusic.c.obj
 .text.KeyOnEvent
                0x1000332c      0x158 CMakeFiles/doom_tiny.dir/i_oplmusic.c.obj
 .text.SetChannelVolume
                0x10003484       0x54 CMakeFiles/doom_tiny.dir/i_oplmusic.c.obj
 .text.ControllerEvent
                0x100034d8       0x22 CMakeFiles/doom_tiny.dir/i_oplmusic.c.obj
 *fill*         0x100034fa        0x2 
 .text.I_OPL_SetMusicVolume
                0x100034fc       0x4c CMakeFiles/doom_tiny.dir/i_oplmusic.c.obj
 .text.MetaSetTempo
                0x10003548       0x18 CMakeFiles/doom_tiny.dir/i_oplmusic.c.obj
 .text.MetaEvent
                0x10003560       0x26 CMakeFiles/doom_tiny.dir/i_oplmusic.c.obj
 .text.ProcessEvent
                0x10003586       0x42 CMakeFiles/doom_tiny.dir/i_oplmusic.c.obj
 .text.TrackTimerCallback
                0x100035c8       0x68 CMakeFiles/doom_tiny.dir/i_oplmusic.c.obj
                0x100035c8                TrackTimerCallback
 .text.I_OPL_StopSong
                0x10003630       0x70 CMakeFiles/doom_tiny.dir/i_oplmusic.c.obj
 .text.I_OPL_ResumeSong
                0x100036a0       0x18 CMakeFiles/doom_tiny.dir/i_oplmusic.c.obj
 .text.I_OPL_PauseSong
                0x100036b8       0x50 CMakeFiles/doom_tiny.dir/i_oplmusic.c.obj
 .text.StartTrack
                0x10003708       0x1c CMakeFiles/doom_tiny.dir/i_oplmusic.c.obj
 .text.I_OPL_PlaySong
                0x10003724       0xac CMakeFiles/doom_tiny.dir/i_oplmusic.c.obj
 .text.I_OPL_UnRegisterSong
                0x100037d0       0x18 CMakeFiles/doom_tiny.dir/i_oplmusic.c.obj
 .text.I_OPL_RegisterSong
                0x100037e8       0x18 CMakeFiles/doom_tiny.dir/i_oplmusic.c.obj
 .text.I_OPL_ShutdownMusic
                0x10003800       0x2c CMakeFiles/doom_tiny.dir/i_oplmusic.c.obj
 .text.LoadInstrumentTable
                0x1000382c       0x50 CMakeFiles/doom_tiny.dir/i_oplmusic.c.obj
 .text.I_OPL_InitMusic
                0x1000387c       0x4c CMakeFiles/doom_tiny.dir/i_oplmusic.c.obj
 .text.I_SetOPLDriverVer
                0x100038c8        0xc CMakeFiles/doom_tiny.dir/i_oplmusic.c.obj
                0x100038c8                I_SetOPLDriverVer
 .text.InitSfxModule
                0x100038d4       0x1c CMakeFiles/doom_tiny.dir/i_sound.c.obj
 .text.InitMusicModule
                0x100038f0       0x1c CMakeFiles/doom_tiny.dir/i_sound.c.obj
 .text.CheckVolumeSeparation
                0x1000390c       0x2a CMakeFiles/doom_tiny.dir/i_sound.c.obj
 *fill*         0x10003936        0x2 
 .text.I_InitSound
                0x10003938       0x1c CMakeFiles/doom_tiny.dir/i_sound.c.obj
                0x10003938                I_InitSound
 .text.I_GetSfxLumpNum
                0x10003954       0x18 CMakeFiles/doom_tiny.dir/i_sound.c.obj
                0x10003954                I_GetSfxLumpNum
 .text.I_UpdateSound
                0x1000396c       0x28 CMakeFiles/doom_tiny.dir/i_sound.c.obj
                0x1000396c                I_UpdateSound
 .text.I_UpdateSoundParams
                0x10003994       0x30 CMakeFiles/doom_tiny.dir/i_sound.c.obj
                0x10003994                I_UpdateSoundParams
 .text.I_StartSound
                0x100039c4       0x3c CMakeFiles/doom_tiny.dir/i_sound.c.obj
                0x100039c4                I_StartSound
 .text.I_StopSound
                0x10003a00       0x14 CMakeFiles/doom_tiny.dir/i_sound.c.obj
                0x10003a00                I_StopSound
 .text.I_SoundIsPlaying
                0x10003a14       0x18 CMakeFiles/doom_tiny.dir/i_sound.c.obj
                0x10003a14                I_SoundIsPlaying
 .text.I_PrecacheSounds
                0x10003a2c       0x18 CMakeFiles/doom_tiny.dir/i_sound.c.obj
                0x10003a2c                I_PrecacheSounds
 .text.I_InitMusic
                0x10003a44        0x2 CMakeFiles/doom_tiny.dir/i_sound.c.obj
                0x10003a44                I_InitMusic
 *fill*         0x10003a46        0x2 
 .text.I_SetMusicVolume
                0x10003a48       0x14 CMakeFiles/doom_tiny.dir/i_sound.c.obj
                0x10003a48                I_SetMusicVolume
 .text.I_PauseSong
                0x10003a5c       0x14 CMakeFiles/doom_tiny.dir/i_sound.c.obj
                0x10003a5c                I_PauseSong
 .text.I_ResumeSong
                0x10003a70       0x14 CMakeFiles/doom_tiny.dir/i_sound.c.obj
                0x10003a70                I_ResumeSong
 .text.I_RegisterSong
                0x10003a84       0x18 CMakeFiles/doom_tiny.dir/i_sound.c.obj
                0x10003a84                I_RegisterSong
 .text.I_UnRegisterSong
                0x10003a9c       0x14 CMakeFiles/doom_tiny.dir/i_sound.c.obj
                0x10003a9c                I_UnRegisterSong
 .text.I_PlaySong
                0x10003ab0       0x14 CMakeFiles/doom_tiny.dir/i_sound.c.obj
                0x10003ab0                I_PlaySong
 .text.I_StopSong
                0x10003ac4       0x14 CMakeFiles/doom_tiny.dir/i_sound.c.obj
                0x10003ac4                I_StopSong
 .text.I_BindSoundVariables
                0x10003ad8        0x2 CMakeFiles/doom_tiny.dir/i_sound.c.obj
                0x10003ad8                I_BindSoundVariables
 *fill*         0x10003ada        0x2 
 .text.set_sys_clock_khz
                0x10003adc       0x3c CMakeFiles/doom_tiny.dir/i_main.c.obj
 .text.main     0x10003b18       0x48 CMakeFiles/doom_tiny.dir/i_main.c.obj
                0x10003b18                main
 .text.M_ForceUppercase
                0x10003b60       0x24 CMakeFiles/doom_tiny.dir/m_misc.c.obj
                0x10003b60                M_ForceUppercase
 .text.M_StringCopy
                0x10003b84       0x2c CMakeFiles/doom_tiny.dir/m_misc.c.obj
                0x10003b84                M_StringCopy
 .text.M_vsnprintf
                0x10003bb0       0x24 CMakeFiles/doom_tiny.dir/m_misc.c.obj
                0x10003bb0                M_vsnprintf
 .text.M_snprintf
                0x10003bd4       0x18 CMakeFiles/doom_tiny.dir/m_misc.c.obj
                0x10003bd4                M_snprintf
 .text.uart_getc
                0x10003bec       0x24 CMakeFiles/doom_tiny.dir/pico/i_input.c.obj
 .text.TranslateKey
                0x10003c10       0x38 CMakeFiles/doom_tiny.dir/pico/i_input.c.obj
                0x10003c10                TranslateKey
 .text.GetLocalizedKey
                0x10003c48        0x8 CMakeFiles/doom_tiny.dir/pico/i_input.c.obj
 .text.pico_key_up
                0x10003c50       0x26 CMakeFiles/doom_tiny.dir/pico/i_input.c.obj
 *fill*         0x10003c76        0x2 
 .text.GetTypedChar
                0x10003c78       0x30 CMakeFiles/doom_tiny.dir/pico/i_input.c.obj
                0x10003c78                GetTypedChar
 .text.pico_key_down
                0x10003ca8       0x60 CMakeFiles/doom_tiny.dir/pico/i_input.c.obj
 .text.I_StartTextInput
                0x10003d08        0xc CMakeFiles/doom_tiny.dir/pico/i_input.c.obj
                0x10003d08                I_StartTextInput
 .text.I_StopTextInput
                0x10003d14        0xc CMakeFiles/doom_tiny.dir/pico/i_input.c.obj
                0x10003d14                I_StopTextInput
 .text.I_BindInputVariables
                0x10003d20        0x2 CMakeFiles/doom_tiny.dir/pico/i_input.c.obj
                0x10003d20                I_BindInputVariables
 .text.magc_key_init
                0x10003d22       0xf2 CMakeFiles/doom_tiny.dir/pico/i_input.c.obj
                0x10003d22                magc_key_init
 .text.magc_key_scan
                0x10003e14      0x234 CMakeFiles/doom_tiny.dir/pico/i_input.c.obj
                0x10003e14                magc_key_scan
 .text.I_InputInit
                0x10004048        0x8 CMakeFiles/doom_tiny.dir/pico/i_input.c.obj
                0x10004048                I_InputInit
 .text.I_GetEventTimeout
                0x10004050       0xe4 CMakeFiles/doom_tiny.dir/pico/i_input.c.obj
                0x10004050                I_GetEventTimeout
 .text.I_GetEvent
                0x10004134        0xe CMakeFiles/doom_tiny.dir/pico/i_input.c.obj
                0x10004134                I_GetEvent
 *fill*         0x10004142        0x2 
 .text.AutoAllocMemory
                0x10004144       0x30 CMakeFiles/doom_tiny.dir/pico/i_system.c.obj
 .text.restart  0x10004174        0xe CMakeFiles/doom_tiny.dir/pico/i_system.c.obj
 *fill*         0x10004182        0x2 
 .text.scroll_line
                0x10004184       0x40 CMakeFiles/doom_tiny.dir/pico/i_system.c.obj
 .text.write_text_line
                0x100041c4       0x38 CMakeFiles/doom_tiny.dir/pico/i_system.c.obj
 .text.I_Tactile
                0x100041fc        0x2 CMakeFiles/doom_tiny.dir/pico/i_system.c.obj
                0x100041fc                I_Tactile
 *fill*         0x100041fe        0x2 
 .text.I_ZoneBase
                0x10004200       0x20 CMakeFiles/doom_tiny.dir/pico/i_system.c.obj
                0x10004200                I_ZoneBase
 .text.I_PrintBanner
                0x10004220       0x26 CMakeFiles/doom_tiny.dir/pico/i_system.c.obj
                0x10004220                I_PrintBanner
 .text.I_PrintDivider
                0x10004246       0x1a CMakeFiles/doom_tiny.dir/pico/i_system.c.obj
                0x10004246                I_PrintDivider
 .text.I_PrintStartupBanner
                0x10004260       0x24 CMakeFiles/doom_tiny.dir/pico/i_system.c.obj
                0x10004260                I_PrintStartupBanner
 .text.I_Init   0x10004284        0x8 CMakeFiles/doom_tiny.dir/pico/i_system.c.obj
                0x10004284                I_Init
 .text.write_num
                0x1000428c       0x5c CMakeFiles/doom_tiny.dir/pico/i_system.c.obj
                0x1000428c                write_num
 .text.handle_exit_key_down
                0x100042e8      0x3ec CMakeFiles/doom_tiny.dir/pico/i_system.c.obj
                0x100042e8                handle_exit_key_down
 .text.I_Quit   0x100046d4       0x70 CMakeFiles/doom_tiny.dir/pico/i_system.c.obj
                0x100046d4                I_Quit
 .text.__wrap_malloc
                0x10004744       0x3c CMakeFiles/doom_tiny.dir/pico/i_system.c.obj
                0x10004744                __wrap_malloc
 .text.__wrap_calloc
                0x10004780       0x50 CMakeFiles/doom_tiny.dir/pico/i_system.c.obj
                0x10004780                __wrap_calloc
 .text.__wrap_free
                0x100047d0       0x3c CMakeFiles/doom_tiny.dir/pico/i_system.c.obj
                0x100047d0                __wrap_free
 .text.i2c_locked_cancel_dma
                0x1000480c       0x30 CMakeFiles/doom_tiny.dir/pico/piconet.c.obj
 .text.get_compat_hash
                0x1000483c       0x24 CMakeFiles/doom_tiny.dir/pico/piconet.c.obj
 .text.client_new_random_addr_locked
                0x10004860       0x1c CMakeFiles/doom_tiny.dir/pico/piconet.c.obj
 .text.host_check_tic_advance_locked
                0x1000487c       0x80 CMakeFiles/doom_tiny.dir/pico/piconet.c.obj
 .text.channel_config_set_chain_to
                0x100048fc       0x30 CMakeFiles/doom_tiny.dir/pico/piconet.c.obj
 .text.dma_channel_get_default_config
                0x1000492c       0x74 CMakeFiles/doom_tiny.dir/pico/piconet.c.obj
 .text.channel_config_set_dreq
                0x100049a0       0x30 CMakeFiles/doom_tiny.dir/pico/piconet.c.obj
 .text.i2c_dma_read
                0x100049d0       0x58 CMakeFiles/doom_tiny.dir/pico/piconet.c.obj
 .text.i2c_dma_write
                0x10004a28       0x64 CMakeFiles/doom_tiny.dir/pico/piconet.c.obj
 .text.host_receive_locked
                0x10004a8c       0x64 CMakeFiles/doom_tiny.dir/pico/piconet.c.obj
 .text.host_send_locked
                0x10004af0       0x78 CMakeFiles/doom_tiny.dir/pico/piconet.c.obj
 .text.host_advance_protocol_state_locked
                0x10004b68      0x19c CMakeFiles/doom_tiny.dir/pico/piconet.c.obj
 .text.i2c_irq_handler
                0x10004d04      0x4e4 CMakeFiles/doom_tiny.dir/pico/piconet.c.obj
                0x10004d04                i2c_irq_handler
 .text.update_us_since_boot
                0x100051e8       0x24 CMakeFiles/doom_tiny.dir/pico/piconet.c.obj
 .text.delayed_by_ms
                0x1000520c       0x44 CMakeFiles/doom_tiny.dir/pico/piconet.c.obj
 .text.get_absolute_time
                0x10005250       0x22 CMakeFiles/doom_tiny.dir/pico/piconet.c.obj
 .text.make_timeout_time_ms
                0x10005272       0x20 CMakeFiles/doom_tiny.dir/pico/piconet.c.obj
 *fill*         0x10005292        0x2 
 .text.periodic_tick
                0x10005294       0xc4 CMakeFiles/doom_tiny.dir/pico/piconet.c.obj
 .text.clear_state
                0x10005358       0x30 CMakeFiles/doom_tiny.dir/pico/piconet.c.obj
 .text.piconet_init
                0x10005388       0x7c CMakeFiles/doom_tiny.dir/pico/piconet.c.obj
                0x10005388                piconet_init
 .text.piconet_start_host
                0x10005404      0x104 CMakeFiles/doom_tiny.dir/pico/piconet.c.obj
                0x10005404                piconet_start_host
 .text.piconet_start_client
                0x10005508       0x98 CMakeFiles/doom_tiny.dir/pico/piconet.c.obj
                0x10005508                piconet_start_client
 .text.piconet_client_check_for_dropped_connection
                0x100055a0       0xb4 CMakeFiles/doom_tiny.dir/pico/piconet.c.obj
                0x100055a0                piconet_client_check_for_dropped_connection
 .text.piconet_stop
                0x10005654       0x64 CMakeFiles/doom_tiny.dir/pico/piconet.c.obj
                0x10005654                piconet_stop
 .text.piconet_get_lobby_state
                0x100056b8       0x68 CMakeFiles/doom_tiny.dir/pico/piconet.c.obj
                0x100056b8                piconet_get_lobby_state
 .text.piconet_start_game
                0x10005720       0x50 CMakeFiles/doom_tiny.dir/pico/piconet.c.obj
                0x10005720                piconet_start_game
 .text.piconet_new_local_tic
                0x10005770       0x50 CMakeFiles/doom_tiny.dir/pico/piconet.c.obj
                0x10005770                piconet_new_local_tic
 .text.piconet_maybe_recv_tic
                0x100057c0      0x128 CMakeFiles/doom_tiny.dir/pico/piconet.c.obj
                0x100057c0                piconet_maybe_recv_tic
 .text.I_GetTime
                0x100058e8       0x1a CMakeFiles/doom_tiny.dir/pico/i_timer.c.obj
                0x100058e8                I_GetTime
 .text.I_GetTimeMS
                0x10005902       0x12 CMakeFiles/doom_tiny.dir/pico/i_timer.c.obj
                0x10005902                I_GetTimeMS
 .text.I_Sleep  0x10005914        0x8 CMakeFiles/doom_tiny.dir/pico/i_timer.c.obj
                0x10005914                I_Sleep
 .text.I_InitTimer
                0x1000591c        0x2 CMakeFiles/doom_tiny.dir/pico/i_timer.c.obj
                0x1000591c                I_InitTimer
 *fill*         0x1000591e        0x2 
 .text.W_CacheLumpNum
                0x10005920       0x1c CMakeFiles/doom_tiny.dir/pico/i_video.c.obj
 .text.gpio_xor_mask
                0x1000593c        0x8 CMakeFiles/doom_tiny.dir/pico/i_video.c.obj
 .text.gpio_put
                0x10005944       0x18 CMakeFiles/doom_tiny.dir/pico/i_video.c.obj
 .text.pio_get_default_sm_config
                0x1000595c       0x28 CMakeFiles/doom_tiny.dir/pico/i_video.c.obj
 .text.scanvideo_frame_number
                0x10005984        0x4 CMakeFiles/doom_tiny.dir/pico/i_video.c.obj
 .text.scanvideo_scanline_number
                0x10005988        0x4 CMakeFiles/doom_tiny.dir/pico/i_video.c.obj
 .text.video_24mhz_composable_default_program_get_default_config
                0x1000598c       0x28 CMakeFiles/doom_tiny.dir/pico/i_video.c.obj
 .text.channel_config_set_read_increment
                0x100059b4       0x18 CMakeFiles/doom_tiny.dir/pico/i_video.c.obj
 .text.channel_config_set_write_increment
                0x100059cc       0x18 CMakeFiles/doom_tiny.dir/pico/i_video.c.obj
 .text.dma_channel_set_config
                0x100059e4       0x24 CMakeFiles/doom_tiny.dir/pico/i_video.c.obj
 .text.dma_channel_set_read_addr
                0x10005a08       0x20 CMakeFiles/doom_tiny.dir/pico/i_video.c.obj
 .text.dma_channel_configure
                0x10005a28       0x28 CMakeFiles/doom_tiny.dir/pico/i_video.c.obj
 .text.dma_channel_transfer_to_buffer_now
                0x10005a50       0x10 CMakeFiles/doom_tiny.dir/pico/i_video.c.obj
 .text.dma_channel_abort
                0x10005a60       0x24 CMakeFiles/doom_tiny.dir/pico/i_video.c.obj
 .text.dma_channel_wait_for_finish_blocking
                0x10005a84       0x14 CMakeFiles/doom_tiny.dir/pico/i_video.c.obj
 .text.spi_get_hw
                0x10005a98        0x4 CMakeFiles/doom_tiny.dir/pico/i_video.c.obj
 .text.interp_config_set_shift
                0x10005a9c       0x10 CMakeFiles/doom_tiny.dir/pico/i_video.c.obj
 .text.interp_config_set_mask
                0x10005aac       0x24 CMakeFiles/doom_tiny.dir/pico/i_video.c.obj
 .text.interp_config_set_cross_input
                0x10005ad0       0x1c CMakeFiles/doom_tiny.dir/pico/i_video.c.obj
 .text.interp_default_config
                0x10005aec        0x8 CMakeFiles/doom_tiny.dir/pico/i_video.c.obj
 .text.interp_set_config
                0x10005af4        0xc CMakeFiles/doom_tiny.dir/pico/i_video.c.obj
 .text.interp_save_static
                0x10005b00       0x20 CMakeFiles/doom_tiny.dir/pico/i_video.c.obj
 .text.interp_restore_static
                0x10005b20       0x20 CMakeFiles/doom_tiny.dir/pico/i_video.c.obj
 .text.video_doom_adapt_for_mode
                0x10005b40       0x14 CMakeFiles/doom_tiny.dir/pico/i_video.c.obj
                0x10005b40                video_doom_adapt_for_mode
 .text.scanline_func_wipe
                0x10005b54       0xdc CMakeFiles/doom_tiny.dir/pico/i_video.c.obj
 .text.channel_config_set_chain_to
                0x10005c30       0x30 CMakeFiles/doom_tiny.dir/pico/i_video.c.obj
 .text.dma_channel_get_default_config
                0x10005c60       0x74 CMakeFiles/doom_tiny.dir/pico/i_video.c.obj
 .text.channel_config_set_dreq
                0x10005cd4       0x30 CMakeFiles/doom_tiny.dir/pico/i_video.c.obj
 .text.draw_vpatch
                0x10005d04      0x728 CMakeFiles/doom_tiny.dir/pico/i_video.c.obj
 .text.scanline_func_none
                0x1000642c       0x10 CMakeFiles/doom_tiny.dir/pico/i_video.c.obj
 .text.display_write_data
                0x1000643c       0x28 CMakeFiles/doom_tiny.dir/pico/i_video.c.obj
 .text.display_write_command
                0x10006464       0x2c CMakeFiles/doom_tiny.dir/pico/i_video.c.obj
 .text.display_spi_master_init
                0x10006490       0xc0 CMakeFiles/doom_tiny.dir/pico/i_video.c.obj
 .text.core1    0x10006550       0x48 CMakeFiles/doom_tiny.dir/pico/i_video.c.obj
 .text.video_doom_configure_pio
                0x10006598       0x40 CMakeFiles/doom_tiny.dir/pico/i_video.c.obj
                0x10006598                video_doom_configure_pio
 .text.check_text_buffer.part.0
                0x100065d8       0x1c CMakeFiles/doom_tiny.dir/pico/i_video.c.obj
 .text.render_text_mode_scanline
                0x100065f4      0x168 CMakeFiles/doom_tiny.dir/pico/i_video.c.obj
 .text.I_StartFrame
                0x1000675c        0x4 CMakeFiles/doom_tiny.dir/pico/i_video.c.obj
                0x1000675c                I_StartFrame
 .text.I_SetWindowTitle
                0x10006760        0x4 CMakeFiles/doom_tiny.dir/pico/i_video.c.obj
                0x10006760                I_SetWindowTitle
 .text.I_SetPaletteNum
                0x10006764        0xc CMakeFiles/doom_tiny.dir/pico/i_video.c.obj
                0x10006764                I_SetPaletteNum
 .text.new_frame_init_overlays_palette_and_wipe
                0x10006770      0x5d4 CMakeFiles/doom_tiny.dir/pico/i_video.c.obj
                0x10006770                new_frame_init_overlays_palette_and_wipe
 .text.display_set_address
                0x10006d44       0x90 CMakeFiles/doom_tiny.dir/pico/i_video.c.obj
                0x10006d44                display_set_address
 .text.fill_scanlines
                0x10006dd4      0x324 CMakeFiles/doom_tiny.dir/pico/i_video.c.obj
                0x10006dd4                fill_scanlines
 .text.display_init
                0x100070f8       0xb4 CMakeFiles/doom_tiny.dir/pico/i_video.c.obj
                0x100070f8                display_init
 .text.display_clear
                0x100071ac       0x4c CMakeFiles/doom_tiny.dir/pico/i_video.c.obj
                0x100071ac                display_clear
 .text.ili9341_infones_frame_timing_register_init
                0x100071f8       0x30 CMakeFiles/doom_tiny.dir/pico/i_video.c.obj
                0x100071f8                ili9341_infones_frame_timing_register_init
 .text.I_InitGraphics
                0x10007228       0xa8 CMakeFiles/doom_tiny.dir/pico/i_video.c.obj
                0x10007228                I_InitGraphics
 .text.I_BindVideoVariables
                0x100072d0        0x4 CMakeFiles/doom_tiny.dir/pico/i_video.c.obj
                0x100072d0                I_BindVideoVariables
 .text.I_StartTic
                0x100072d4       0x18 CMakeFiles/doom_tiny.dir/pico/i_video.c.obj
                0x100072d4                I_StartTic
 .text.I_UpdateNoBlit
                0x100072ec        0x4 CMakeFiles/doom_tiny.dir/pico/i_video.c.obj
                0x100072ec                I_UpdateNoBlit
 .text.I_Endoom
                0x100072f0      0x11c CMakeFiles/doom_tiny.dir/pico/i_video.c.obj
                0x100072f0                I_Endoom
 .text.I_GraphicsCheckCommandLine
                0x1000740c        0x4 CMakeFiles/doom_tiny.dir/pico/i_video.c.obj
                0x1000740c                I_GraphicsCheckCommandLine
 .text.I_CheckIsScreensaver
                0x10007410        0x4 CMakeFiles/doom_tiny.dir/pico/i_video.c.obj
                0x10007410                I_CheckIsScreensaver
 .text.strnicmp
                0x10007414       0x3e CMakeFiles/doom_tiny.dir/pico/stubs.c.obj
                0x10007414                strnicmp
 .text.stricmp  0x10007452       0x16 CMakeFiles/doom_tiny.dir/pico/stubs.c.obj
                0x10007452                stricmp
 .text.check_and_init_channel
                0x10007468       0x1c CMakeFiles/doom_tiny.dir/pico/i_picosound.c.obj
 .text.I_Pico_PrecacheSounds
                0x10007484        0x2 CMakeFiles/doom_tiny.dir/pico/i_picosound.c.obj
 *fill*         0x10007486        0x2 
 .text.I_Pico_UpdateSoundParams
                0x10007488       0x80 CMakeFiles/doom_tiny.dir/pico/i_picosound.c.obj
 .text.I_Pico_StopSound
                0x10007508        0x2 CMakeFiles/doom_tiny.dir/pico/i_picosound.c.obj
 *fill*         0x1000750a        0x2 
 .text.I_Pico_SoundIsPlaying
                0x1000750c       0x28 CMakeFiles/doom_tiny.dir/pico/i_picosound.c.obj
 .text.I_Pico_UpdateSound
                0x10007534        0x2 CMakeFiles/doom_tiny.dir/pico/i_picosound.c.obj
 *fill*         0x10007536        0x2 
 .text.I_Pico_ShutdownSound
                0x10007538       0x14 CMakeFiles/doom_tiny.dir/pico/i_picosound.c.obj
 .text.I_Pico_InitSound
                0x1000754c       0x18 CMakeFiles/doom_tiny.dir/pico/i_picosound.c.obj
 .text.GetSfxLumpName
                0x10007564       0x34 CMakeFiles/doom_tiny.dir/pico/i_picosound.c.obj
 .text.I_Pico_GetSfxLumpNum
                0x10007598       0x16 CMakeFiles/doom_tiny.dir/pico/i_picosound.c.obj
 *fill*         0x100075ae        0x2 
 .text.adpcm_decode_block_s8
                0x100075b0      0x168 CMakeFiles/doom_tiny.dir/pico/i_picosound.c.obj
                0x100075b0                adpcm_decode_block_s8
 .text.decompress_buffer
                0x10007718       0x50 CMakeFiles/doom_tiny.dir/pico/i_picosound.c.obj
 .text.init_channel_for_sfx
                0x10007768       0xb4 CMakeFiles/doom_tiny.dir/pico/i_picosound.c.obj
 .text.I_Pico_StartSound
                0x1000781c       0x78 CMakeFiles/doom_tiny.dir/pico/i_picosound.c.obj
 .text.I_PicoSoundIsInitialized
                0x10007894       0x10 CMakeFiles/doom_tiny.dir/pico/i_picosound.c.obj
                0x10007894                I_PicoSoundIsInitialized
 .text.I_PicoSoundSetMusicGenerator
                0x100078a4        0xc CMakeFiles/doom_tiny.dir/pico/i_picosound.c.obj
                0x100078a4                I_PicoSoundSetMusicGenerator
 .text.I_PicoSoundFade
                0x100078b0       0x2c CMakeFiles/doom_tiny.dir/pico/i_picosound.c.obj
                0x100078b0                I_PicoSoundFade
 .text.i2c_set_baudrate
                0x100078dc       0xf0 CMakeFiles/doom_tiny.dir/Users/zapp/dev/dc32_nibbler/pico-sdk/src/rp2_common/hardware_i2c/i2c.c.obj
                0x100078dc                i2c_set_baudrate
 .text.i2c_init
                0x100079cc       0x58 CMakeFiles/doom_tiny.dir/Users/zapp/dev/dc32_nibbler/pico-sdk/src/rp2_common/hardware_i2c/i2c.c.obj
                0x100079cc                i2c_init
 .text.i2c_set_slave_mode
                0x10007a24       0x48 CMakeFiles/doom_tiny.dir/Users/zapp/dev/dc32_nibbler/pico-sdk/src/rp2_common/hardware_i2c/i2c.c.obj
                0x10007a24                i2c_set_slave_mode
 .text.running_on_fpga
                0x10007a6c       0x14 CMakeFiles/doom_tiny.dir/Users/zapp/dev/dc32_nibbler/pico-sdk/src/rp2_common/pico_platform/platform.c.obj
                0x10007a6c                running_on_fpga
 .text.hw_claim_lock
                0x10007a80       0x18 CMakeFiles/doom_tiny.dir/Users/zapp/dev/dc32_nibbler/pico-sdk/src/rp2_common/hardware_claim/claim.c.obj
                0x10007a80                hw_claim_lock
 .text.hw_claim_unlock
                0x10007a98       0x14 CMakeFiles/doom_tiny.dir/Users/zapp/dev/dc32_nibbler/pico-sdk/src/rp2_common/hardware_claim/claim.c.obj
                0x10007a98                hw_claim_unlock
 .text.hw_claim_or_assert
                0x10007aac       0x32 CMakeFiles/doom_tiny.dir/Users/zapp/dev/dc32_nibbler/pico-sdk/src/rp2_common/hardware_claim/claim.c.obj
                0x10007aac                hw_claim_or_assert
 .text.hw_claim_unused_from_range
                0x10007ade       0x50 CMakeFiles/doom_tiny.dir/Users/zapp/dev/dc32_nibbler/pico-sdk/src/rp2_common/hardware_claim/claim.c.obj
                0x10007ade                hw_claim_unused_from_range
 *fill*         0x10007b2e        0x2 
 .text.spin_locks_reset
                0x10007b30       0x20 CMakeFiles/doom_tiny.dir/Users/zapp/dev/dc32_nibbler/pico-sdk/src/rp2_common/hardware_sync/sync.c.obj
                0x10007b30                spin_locks_reset
 .text.spin_lock_init
                0x10007b50       0x34 CMakeFiles/doom_tiny.dir/Users/zapp/dev/dc32_nibbler/pico-sdk/src/rp2_common/hardware_sync/sync.c.obj
                0x10007b50                spin_lock_init
 .text.next_striped_spin_lock_num
                0x10007b84       0x1c CMakeFiles/doom_tiny.dir/Users/zapp/dev/dc32_nibbler/pico-sdk/src/rp2_common/hardware_sync/sync.c.obj
                0x10007b84                next_striped_spin_lock_num
 .text.spin_lock_claim_unused
                0x10007ba0       0x24 CMakeFiles/doom_tiny.dir/Users/zapp/dev/dc32_nibbler/pico-sdk/src/rp2_common/hardware_sync/sync.c.obj
                0x10007ba0                spin_lock_claim_unused
 .text.time_reached
                0x10007bc4       0x28 CMakeFiles/doom_tiny.dir/Users/zapp/dev/dc32_nibbler/pico-sdk/src/common/pico_time/time.c.obj
 .text.get_entry
                0x10007bec       0x38 CMakeFiles/doom_tiny.dir/Users/zapp/dev/dc32_nibbler/pico-sdk/src/common/pico_time/time.c.obj
 .text.timer_pool_entry_comparator
                0x10007c24       0x2e CMakeFiles/doom_tiny.dir/Users/zapp/dev/dc32_nibbler/pico-sdk/src/common/pico_time/time.c.obj
                0x10007c24                timer_pool_entry_comparator
 *fill*         0x10007c52        0x2 
 .text.update_us_since_boot
                0x10007c54       0x24 CMakeFiles/doom_tiny.dir/Users/zapp/dev/dc32_nibbler/pico-sdk/src/common/pico_time/time.c.obj
 .text.delayed_by_us
                0x10007c78       0x34 CMakeFiles/doom_tiny.dir/Users/zapp/dev/dc32_nibbler/pico-sdk/src/common/pico_time/time.c.obj
 .text.ph_get_node
                0x10007cac       0x30 CMakeFiles/doom_tiny.dir/Users/zapp/dev/dc32_nibbler/pico-sdk/src/common/pico_time/time.c.obj
 .text.ph_contains_node
                0x10007cdc       0x1e CMakeFiles/doom_tiny.dir/Users/zapp/dev/dc32_nibbler/pico-sdk/src/common/pico_time/time.c.obj
 .text.ph_new_node
                0x10007cfa       0x28 CMakeFiles/doom_tiny.dir/Users/zapp/dev/dc32_nibbler/pico-sdk/src/common/pico_time/time.c.obj
 *fill*         0x10007d22        0x2 
 .text.ph_add_child_node
                0x10007d24       0x6c CMakeFiles/doom_tiny.dir/Users/zapp/dev/dc32_nibbler/pico-sdk/src/common/pico_time/time.c.obj
 .text.ph_merge_nodes
                0x10007d90       0x3e CMakeFiles/doom_tiny.dir/Users/zapp/dev/dc32_nibbler/pico-sdk/src/common/pico_time/time.c.obj
 *fill*         0x10007dce        0x2 
 .text.ph_insert_node
                0x10007dd0       0x3c CMakeFiles/doom_tiny.dir/Users/zapp/dev/dc32_nibbler/pico-sdk/src/common/pico_time/time.c.obj
 .text.ph_free_node
                0x10007e0c       0x5c CMakeFiles/doom_tiny.dir/Users/zapp/dev/dc32_nibbler/pico-sdk/src/common/pico_time/time.c.obj
 .text.get_entry_id_high
                0x10007e68       0x30 CMakeFiles/doom_tiny.dir/Users/zapp/dev/dc32_nibbler/pico-sdk/src/common/pico_time/time.c.obj
 .text.alarm_pool_post_alloc_init
                0x10007e98       0x40 CMakeFiles/doom_tiny.dir/Users/zapp/dev/dc32_nibbler/pico-sdk/src/common/pico_time/time.c.obj
 .text.sleep_until_callback
                0x10007ed8       0x30 CMakeFiles/doom_tiny.dir/Users/zapp/dev/dc32_nibbler/pico-sdk/src/common/pico_time/time.c.obj
 .text.get_absolute_time
                0x10007f08       0x22 CMakeFiles/doom_tiny.dir/Users/zapp/dev/dc32_nibbler/pico-sdk/src/common/pico_time/time.c.obj
 .text.make_timeout_time_us
                0x10007f2a       0x24 CMakeFiles/doom_tiny.dir/Users/zapp/dev/dc32_nibbler/pico-sdk/src/common/pico_time/time.c.obj
 *fill*         0x10007f4e        0x2 
 .text.add_alarm_under_lock
                0x10007f50       0x94 CMakeFiles/doom_tiny.dir/Users/zapp/dev/dc32_nibbler/pico-sdk/src/common/pico_time/time.c.obj
 .text.alarm_pool_alarm_callback
                0x10007fe4      0x210 CMakeFiles/doom_tiny.dir/Users/zapp/dev/dc32_nibbler/pico-sdk/src/common/pico_time/time.c.obj
 .text.alarm_pool_init_default
                0x100081f4       0x40 CMakeFiles/doom_tiny.dir/Users/zapp/dev/dc32_nibbler/pico-sdk/src/common/pico_time/time.c.obj
                0x100081f4                alarm_pool_init_default
 .text.alarm_pool_get_default
                0x10008234       0x2c CMakeFiles/doom_tiny.dir/Users/zapp/dev/dc32_nibbler/pico-sdk/src/common/pico_time/time.c.obj
                0x10008234                alarm_pool_get_default
 .text.alarm_pool_add_alarm_at
                0x10008260      0x10e CMakeFiles/doom_tiny.dir/Users/zapp/dev/dc32_nibbler/pico-sdk/src/common/pico_time/time.c.obj
                0x10008260                alarm_pool_add_alarm_at
 .text.add_alarm_at
                0x1000836e       0x2e CMakeFiles/doom_tiny.dir/Users/zapp/dev/dc32_nibbler/pico-sdk/src/common/pico_time/time.c.obj
 .text.alarm_pool_cancel_alarm
                0x1000839c       0xa8 CMakeFiles/doom_tiny.dir/Users/zapp/dev/dc32_nibbler/pico-sdk/src/common/pico_time/time.c.obj
                0x1000839c                alarm_pool_cancel_alarm
 .text.cancel_alarm
                0x10008444       0x10 CMakeFiles/doom_tiny.dir/Users/zapp/dev/dc32_nibbler/pico-sdk/src/common/pico_time/time.c.obj
 .text.sleep_until
                0x10008454       0xb0 CMakeFiles/doom_tiny.dir/Users/zapp/dev/dc32_nibbler/pico-sdk/src/common/pico_time/time.c.obj
                0x10008454                sleep_until
 .text.sleep_us
                0x10008504       0x1a CMakeFiles/doom_tiny.dir/Users/zapp/dev/dc32_nibbler/pico-sdk/src/common/pico_time/time.c.obj
                0x10008504                sleep_us
 .text.sleep_ms
                0x1000851e       0x14 CMakeFiles/doom_tiny.dir/Users/zapp/dev/dc32_nibbler/pico-sdk/src/common/pico_time/time.c.obj
                0x1000851e                sleep_ms
 *fill*         0x10008532        0x2 
 .text.best_effort_wfe_or_timeout
                0x10008534       0x44 CMakeFiles/doom_tiny.dir/Users/zapp/dev/dc32_nibbler/pico-sdk/src/common/pico_time/time.c.obj
                0x10008534                best_effort_wfe_or_timeout
 .text.update_us_since_boot
                0x10008578       0x24 CMakeFiles/doom_tiny.dir/Users/zapp/dev/dc32_nibbler/pico-sdk/src/rp2_common/hardware_timer/timer.c.obj
 .text.hardware_alarm_irq_handler
                0x1000859c       0x8c CMakeFiles/doom_tiny.dir/Users/zapp/dev/dc32_nibbler/pico-sdk/src/rp2_common/hardware_timer/timer.c.obj
 .text.hardware_alarm_claim
                0x10008628       0x18 CMakeFiles/doom_tiny.dir/Users/zapp/dev/dc32_nibbler/pico-sdk/src/rp2_common/hardware_timer/timer.c.obj
                0x10008628                hardware_alarm_claim
 .text.time_us_64
                0x10008640       0x18 CMakeFiles/doom_tiny.dir/Users/zapp/dev/dc32_nibbler/pico-sdk/src/rp2_common/hardware_timer/timer.c.obj
                0x10008640                time_us_64
 .text.busy_wait_until
                0x10008658       0x28 CMakeFiles/doom_tiny.dir/Users/zapp/dev/dc32_nibbler/pico-sdk/src/rp2_common/hardware_timer/timer.c.obj
                0x10008658                busy_wait_until
 .text.busy_wait_us
                0x10008680       0x3a CMakeFiles/doom_tiny.dir/Users/zapp/dev/dc32_nibbler/pico-sdk/src/rp2_common/hardware_timer/timer.c.obj
                0x10008680                busy_wait_us
 *fill*         0x100086ba        0x2 
 .text.busy_wait_us_32
                0x100086bc       0x24 CMakeFiles/doom_tiny.dir/Users/zapp/dev/dc32_nibbler/pico-sdk/src/rp2_common/hardware_timer/timer.c.obj
                0x100086bc                busy_wait_us_32
 .text.busy_wait_ms
                0x100086e0       0x30 CMakeFiles/doom_tiny.dir/Users/zapp/dev/dc32_nibbler/pico-sdk/src/rp2_common/hardware_timer/timer.c.obj
                0x100086e0                busy_wait_ms
 .text.hardware_alarm_set_callback
                0x10008710       0x90 CMakeFiles/doom_tiny.dir/Users/zapp/dev/dc32_nibbler/pico-sdk/src/rp2_common/hardware_timer/timer.c.obj
                0x10008710                hardware_alarm_set_callback
 .text.hardware_alarm_set_target
                0x100087a0       0xe8 CMakeFiles/doom_tiny.dir/Users/zapp/dev/dc32_nibbler/pico-sdk/src/rp2_common/hardware_timer/timer.c.obj
                0x100087a0                hardware_alarm_set_target
 .text.hardware_alarm_cancel
                0x10008888       0x40 CMakeFiles/doom_tiny.dir/Users/zapp/dev/dc32_nibbler/pico-sdk/src/rp2_common/hardware_timer/timer.c.obj
                0x10008888                hardware_alarm_cancel
 .text.set_raw_irq_handler_and_unlock
                0x100088c8       0x28 CMakeFiles/doom_tiny.dir/Users/zapp/dev/dc32_nibbler/pico-sdk/src/rp2_common/hardware_irq/irq.c.obj
 .text.irq_is_enabled
                0x100088f0       0x18 CMakeFiles/doom_tiny.dir/Users/zapp/dev/dc32_nibbler/pico-sdk/src/rp2_common/hardware_irq/irq.c.obj
                0x100088f0                irq_is_enabled
 .text.irq_set_mask_enabled
                0x10008908       0x20 CMakeFiles/doom_tiny.dir/Users/zapp/dev/dc32_nibbler/pico-sdk/src/rp2_common/hardware_irq/irq.c.obj
                0x10008908                irq_set_mask_enabled
 .text.irq_set_enabled
                0x10008928        0xe CMakeFiles/doom_tiny.dir/Users/zapp/dev/dc32_nibbler/pico-sdk/src/rp2_common/hardware_irq/irq.c.obj
                0x10008928                irq_set_enabled
 *fill*         0x10008936        0x2 
 .text.irq_set_pending
                0x10008938       0x10 CMakeFiles/doom_tiny.dir/Users/zapp/dev/dc32_nibbler/pico-sdk/src/rp2_common/hardware_irq/irq.c.obj
                0x10008938                irq_set_pending
 .text.irq_get_vtable_handler
                0x10008948       0x10 CMakeFiles/doom_tiny.dir/Users/zapp/dev/dc32_nibbler/pico-sdk/src/rp2_common/hardware_irq/irq.c.obj
                0x10008948                irq_get_vtable_handler
 .text.irq_set_exclusive_handler
                0x10008958       0x54 CMakeFiles/doom_tiny.dir/Users/zapp/dev/dc32_nibbler/pico-sdk/src/rp2_common/hardware_irq/irq.c.obj
                0x10008958                irq_set_exclusive_handler
 .text.irq_remove_handler
                0x100089ac       0x58 CMakeFiles/doom_tiny.dir/Users/zapp/dev/dc32_nibbler/pico-sdk/src/rp2_common/hardware_irq/irq.c.obj
                0x100089ac                irq_remove_handler
 .text.irq_set_priority
                0x10008a04       0x28 CMakeFiles/doom_tiny.dir/Users/zapp/dev/dc32_nibbler/pico-sdk/src/rp2_common/hardware_irq/irq.c.obj
                0x10008a04                irq_set_priority
 .text.irq_init_priorities
                0x10008a2c       0x1c CMakeFiles/doom_tiny.dir/Users/zapp/dev/dc32_nibbler/pico-sdk/src/rp2_common/hardware_irq/irq.c.obj
                0x10008a2c                irq_init_priorities
 .text.update_us_since_boot
                0x10008a48       0x24 CMakeFiles/doom_tiny.dir/Users/zapp/dev/dc32_nibbler/pico-sdk/src/common/pico_sync/sem.c.obj
 .text.get_absolute_time
                0x10008a6c       0x22 CMakeFiles/doom_tiny.dir/Users/zapp/dev/dc32_nibbler/pico-sdk/src/common/pico_sync/sem.c.obj
 *fill*         0x10008a8e        0x2 
 .text.delayed_by_ms
                0x10008a90       0x44 CMakeFiles/doom_tiny.dir/Users/zapp/dev/dc32_nibbler/pico-sdk/src/common/pico_sync/sem.c.obj
 .text.make_timeout_time_ms
                0x10008ad4       0x20 CMakeFiles/doom_tiny.dir/Users/zapp/dev/dc32_nibbler/pico-sdk/src/common/pico_sync/sem.c.obj
 .text.sem_init
                0x10008af4       0x1e CMakeFiles/doom_tiny.dir/Users/zapp/dev/dc32_nibbler/pico-sdk/src/common/pico_sync/sem.c.obj
                0x10008af4                sem_init
 *fill*         0x10008b12        0x2 
 .text.lock_init
                0x10008b14       0x10 CMakeFiles/doom_tiny.dir/Users/zapp/dev/dc32_nibbler/pico-sdk/src/common/pico_sync/lock_core.c.obj
                0x10008b14                lock_init
 .text.mutex_init
                0x10008b24       0x1a CMakeFiles/doom_tiny.dir/Users/zapp/dev/dc32_nibbler/pico-sdk/src/common/pico_sync/mutex.c.obj
                0x10008b24                mutex_init
 .text.recursive_mutex_init
                0x10008b3e       0x1e CMakeFiles/doom_tiny.dir/Users/zapp/dev/dc32_nibbler/pico-sdk/src/common/pico_sync/mutex.c.obj
                0x10008b3e                recursive_mutex_init
 .text.critical_section_init_with_lock_num
                0x10008b5c       0x14 CMakeFiles/doom_tiny.dir/Users/zapp/dev/dc32_nibbler/pico-sdk/src/common/pico_sync/critical_section.c.obj
                0x10008b5c                critical_section_init_with_lock_num
 .text.critical_section_init
                0x10008b70       0x14 CMakeFiles/doom_tiny.dir/Users/zapp/dev/dc32_nibbler/pico-sdk/src/common/pico_sync/critical_section.c.obj
                0x10008b70                critical_section_init
 .text.ph_get_node
                0x10008b84       0x30 CMakeFiles/doom_tiny.dir/Users/zapp/dev/dc32_nibbler/pico-sdk/src/common/pico_util/pheap.c.obj
 .text.ph_add_child_node
                0x10008bb4       0x6c CMakeFiles/doom_tiny.dir/Users/zapp/dev/dc32_nibbler/pico-sdk/src/common/pico_util/pheap.c.obj
 .text.ph_merge_nodes
                0x10008c20       0x3e CMakeFiles/doom_tiny.dir/Users/zapp/dev/dc32_nibbler/pico-sdk/src/common/pico_util/pheap.c.obj
 .text.ph_clear
                0x10008c5e       0x34 CMakeFiles/doom_tiny.dir/Users/zapp/dev/dc32_nibbler/pico-sdk/src/common/pico_util/pheap.c.obj
                0x10008c5e                ph_clear
 .text.ph_post_alloc_init
                0x10008c92        0xe CMakeFiles/doom_tiny.dir/Users/zapp/dev/dc32_nibbler/pico-sdk/src/common/pico_util/pheap.c.obj
                0x10008c92                ph_post_alloc_init
 .text.ph_merge_two_pass
                0x10008ca0       0x5c CMakeFiles/doom_tiny.dir/Users/zapp/dev/dc32_nibbler/pico-sdk/src/common/pico_util/pheap.c.obj
                0x10008ca0                ph_merge_two_pass
 .text.ph_remove_any_head
                0x10008cfc       0xc0 CMakeFiles/doom_tiny.dir/Users/zapp/dev/dc32_nibbler/pico-sdk/src/common/pico_util/pheap.c.obj
 .text.ph_remove_head
                0x10008dbc       0x14 CMakeFiles/doom_tiny.dir/Users/zapp/dev/dc32_nibbler/pico-sdk/src/common/pico_util/pheap.c.obj
                0x10008dbc                ph_remove_head
 .text.ph_remove_and_free_node
                0x10008dd0       0xa0 CMakeFiles/doom_tiny.dir/Users/zapp/dev/dc32_nibbler/pico-sdk/src/common/pico_util/pheap.c.obj
                0x10008dd0                ph_remove_and_free_node
 .text.clock_configure
                0x10008e70      0x108 CMakeFiles/doom_tiny.dir/Users/zapp/dev/dc32_nibbler/pico-sdk/src/rp2_common/hardware_clocks/clocks.c.obj
                0x10008e70                clock_configure
 .text.clocks_init
                0x10008f78      0x100 CMakeFiles/doom_tiny.dir/Users/zapp/dev/dc32_nibbler/pico-sdk/src/rp2_common/hardware_clocks/clocks.c.obj
                0x10008f78                clocks_init
 .text.clock_get_hz
                0x10009078        0xc CMakeFiles/doom_tiny.dir/Users/zapp/dev/dc32_nibbler/pico-sdk/src/rp2_common/hardware_clocks/clocks.c.obj
                0x10009078                clock_get_hz
 .text.gpio_set_function
                0x10009084       0x30 CMakeFiles/doom_tiny.dir/Users/zapp/dev/dc32_nibbler/pico-sdk/src/rp2_common/hardware_gpio/gpio.c.obj
                0x10009084                gpio_set_function
 .text.gpio_set_pulls
                0x100090b4       0x34 CMakeFiles/doom_tiny.dir/Users/zapp/dev/dc32_nibbler/pico-sdk/src/rp2_common/hardware_gpio/gpio.c.obj
                0x100090b4                gpio_set_pulls
 .text.gpio_init
                0x100090e8       0x16 CMakeFiles/doom_tiny.dir/Users/zapp/dev/dc32_nibbler/pico-sdk/src/rp2_common/hardware_gpio/gpio.c.obj
                0x100090e8                gpio_init
 .text.gpio_deinit
                0x100090fe        0xa CMakeFiles/doom_tiny.dir/Users/zapp/dev/dc32_nibbler/pico-sdk/src/rp2_common/hardware_gpio/gpio.c.obj
                0x100090fe                gpio_deinit
 .text.pll_init
                0x10009108      0x120 CMakeFiles/doom_tiny.dir/Users/zapp/dev/dc32_nibbler/pico-sdk/src/rp2_common/hardware_pll/pll.c.obj
                0x10009108                pll_init
 .text.vreg_set_voltage
                0x10009228       0x1c CMakeFiles/doom_tiny.dir/Users/zapp/dev/dc32_nibbler/pico-sdk/src/rp2_common/hardware_vreg/vreg.c.obj
                0x10009228                vreg_set_voltage
 .text.watchdog_start_tick
                0x10009244       0x10 CMakeFiles/doom_tiny.dir/Users/zapp/dev/dc32_nibbler/pico-sdk/src/rp2_common/hardware_watchdog/watchdog.c.obj
                0x10009244                watchdog_start_tick
 .text.watchdog_update
                0x10009254       0x14 CMakeFiles/doom_tiny.dir/Users/zapp/dev/dc32_nibbler/pico-sdk/src/rp2_common/hardware_watchdog/watchdog.c.obj
                0x10009254                watchdog_update
 .text._watchdog_enable
                0x10009268       0x78 CMakeFiles/doom_tiny.dir/Users/zapp/dev/dc32_nibbler/pico-sdk/src/rp2_common/hardware_watchdog/watchdog.c.obj
                0x10009268                _watchdog_enable
 .text.watchdog_reboot
                0x100092e0       0x48 CMakeFiles/doom_tiny.dir/Users/zapp/dev/dc32_nibbler/pico-sdk/src/rp2_common/hardware_watchdog/watchdog.c.obj
                0x100092e0                watchdog_reboot
 .text.xosc_init
                0x10009328       0x28 CMakeFiles/doom_tiny.dir/Users/zapp/dev/dc32_nibbler/pico-sdk/src/rp2_common/hardware_xosc/xosc.c.obj
                0x10009328                xosc_init
 .text.set_sys_clock_pll
                0x10009350       0x78 CMakeFiles/doom_tiny.dir/Users/zapp/dev/dc32_nibbler/pico-sdk/src/rp2_common/pico_stdlib/stdlib.c.obj
                0x10009350                set_sys_clock_pll
 .text.check_sys_clock_khz
                0x100093c8       0xa4 CMakeFiles/doom_tiny.dir/Users/zapp/dev/dc32_nibbler/pico-sdk/src/rp2_common/pico_stdlib/stdlib.c.obj
                0x100093c8                check_sys_clock_khz
 .text.uart_is_readable_within_us
                0x1000946c       0x20 CMakeFiles/doom_tiny.dir/Users/zapp/dev/dc32_nibbler/pico-sdk/src/rp2_common/hardware_uart/uart.c.obj
                0x1000946c                uart_is_readable_within_us
 .text._exit    0x1000948c        0x4 CMakeFiles/doom_tiny.dir/Users/zapp/dev/dc32_nibbler/pico-sdk/src/rp2_common/pico_runtime/runtime.c.obj
                0x1000948c                _exit
 .text.exit     0x10009490        0x6 CMakeFiles/doom_tiny.dir/Users/zapp/dev/dc32_nibbler/pico-sdk/src/rp2_common/pico_runtime/runtime.c.obj
                0x10009490                exit
 *fill*         0x10009496        0x2 
 .text.__assert_func
                0x10009498       0x38 CMakeFiles/doom_tiny.dir/Users/zapp/dev/dc32_nibbler/pico-sdk/src/rp2_common/pico_runtime/runtime.c.obj
                0x10009498                __assert_func
 .text.runtime_init
                0x100094d0       0xf8 CMakeFiles/doom_tiny.dir/Users/zapp/dev/dc32_nibbler/pico-sdk/src/rp2_common/pico_runtime/runtime.c.obj
                0x100094d0                runtime_init
 .text.panic    0x100095c8       0x30 CMakeFiles/doom_tiny.dir/Users/zapp/dev/dc32_nibbler/pico-sdk/src/rp2_common/pico_runtime/runtime.c.obj
                0x100095c8                panic
 .text.panic_unsupported
                0x100095f8        0xc CMakeFiles/doom_tiny.dir/Users/zapp/dev/dc32_nibbler/pico-sdk/src/rp2_common/pico_runtime/runtime.c.obj
                0x100095f8                panic_unsupported
 .text._out_buffer
                0x10009604        0x8 CMakeFiles/doom_tiny.dir/Users/zapp/dev/dc32_nibbler/pico-sdk/src/rp2_common/pico_printf/printf.c.obj
 .text._out_null
                0x1000960c        0x2 CMakeFiles/doom_tiny.dir/Users/zapp/dev/dc32_nibbler/pico-sdk/src/rp2_common/pico_printf/printf.c.obj
 .text._out_fct
                0x1000960e        0xe CMakeFiles/doom_tiny.dir/Users/zapp/dev/dc32_nibbler/pico-sdk/src/rp2_common/pico_printf/printf.c.obj
 .text._atoi    0x1000961c       0x24 CMakeFiles/doom_tiny.dir/Users/zapp/dev/dc32_nibbler/pico-sdk/src/rp2_common/pico_printf/printf.c.obj
 .text._out_rev
                0x10009640       0xae CMakeFiles/doom_tiny.dir/Users/zapp/dev/dc32_nibbler/pico-sdk/src/rp2_common/pico_printf/printf.c.obj
 .text._ntoa_format
                0x100096ee      0x110 CMakeFiles/doom_tiny.dir/Users/zapp/dev/dc32_nibbler/pico-sdk/src/rp2_common/pico_printf/printf.c.obj
 .text._ntoa_long
                0x100097fe       0xbc CMakeFiles/doom_tiny.dir/Users/zapp/dev/dc32_nibbler/pico-sdk/src/rp2_common/pico_printf/printf.c.obj
 .text._ntoa_long_long
                0x100098ba      0x10e CMakeFiles/doom_tiny.dir/Users/zapp/dev/dc32_nibbler/pico-sdk/src/rp2_common/pico_printf/printf.c.obj
 .text._etoa    0x100099c8      0x420 CMakeFiles/doom_tiny.dir/Users/zapp/dev/dc32_nibbler/pico-sdk/src/rp2_common/pico_printf/printf.c.obj
 .text._ftoa    0x10009de8      0x354 CMakeFiles/doom_tiny.dir/Users/zapp/dev/dc32_nibbler/pico-sdk/src/rp2_common/pico_printf/printf.c.obj
 .text._vsnprintf
                0x1000a13c      0x668 CMakeFiles/doom_tiny.dir/Users/zapp/dev/dc32_nibbler/pico-sdk/src/rp2_common/pico_printf/printf.c.obj
 .text.__wrap_sprintf
                0x1000a7a4       0x2c CMakeFiles/doom_tiny.dir/Users/zapp/dev/dc32_nibbler/pico-sdk/src/rp2_common/pico_printf/printf.c.obj
                0x1000a7a4                __wrap_sprintf
 .text.__wrap_snprintf
                0x1000a7d0       0x28 CMakeFiles/doom_tiny.dir/Users/zapp/dev/dc32_nibbler/pico-sdk/src/rp2_common/pico_printf/printf.c.obj
                0x1000a7d0                __wrap_snprintf
 .text.__wrap_vsnprintf
                0x1000a7f8       0x1c CMakeFiles/doom_tiny.dir/Users/zapp/dev/dc32_nibbler/pico-sdk/src/rp2_common/pico_printf/printf.c.obj
                0x1000a7f8                __wrap_vsnprintf
 .text.vfctprintf
                0x1000a814       0x20 CMakeFiles/doom_tiny.dir/Users/zapp/dev/dc32_nibbler/pico-sdk/src/rp2_common/pico_printf/printf.c.obj
                0x1000a814                vfctprintf
 .text          0x1000a834       0x10 CMakeFiles/doom_tiny.dir/Users/zapp/dev/dc32_nibbler/pico-sdk/src/rp2_common/pico_bit_ops/bit_ops_aeabi.S.obj
 .text.clzsi    0x1000a844        0xc CMakeFiles/doom_tiny.dir/Users/zapp/dev/dc32_nibbler/pico-sdk/src/rp2_common/pico_bit_ops/bit_ops_aeabi.S.obj
                0x1000a844                __wrap___clz
                0x1000a844                __wrap___clzsi2
                0x1000a844                __wrap___clzl
 .text.ctzsi    0x1000a850        0xc CMakeFiles/doom_tiny.dir/Users/zapp/dev/dc32_nibbler/pico-sdk/src/rp2_common/pico_bit_ops/bit_ops_aeabi.S.obj
                0x1000a850                __wrap___ctzsi2
 .text.rom_func_lookup
                0x1000a85c       0x10 CMakeFiles/doom_tiny.dir/Users/zapp/dev/dc32_nibbler/pico-sdk/src/rp2_common/pico_bootrom/bootrom.c.obj
                0x1000a85c                rom_func_lookup
 .text.rom_data_lookup
                0x1000a86c       0x10 CMakeFiles/doom_tiny.dir/Users/zapp/dev/dc32_nibbler/pico-sdk/src/rp2_common/pico_bootrom/bootrom.c.obj
                0x1000a86c                rom_data_lookup
 .text.rom_funcs_lookup
                0x1000a87c       0x36 CMakeFiles/doom_tiny.dir/Users/zapp/dev/dc32_nibbler/pico-sdk/src/rp2_common/pico_bootrom/bootrom.c.obj
                0x1000a87c                rom_funcs_lookup
 *fill*         0x1000a8b2        0x2 
 .text.__wrap___aeabi_idiv
                0x1000a8b4       0x50 CMakeFiles/doom_tiny.dir/Users/zapp/dev/dc32_nibbler/pico-sdk/src/rp2_common/pico_divider/divider.S.obj
                0x1000a8b4                __wrap___aeabi_idivmod
                0x1000a8b4                divmod_s32s32
                0x1000a8b4                div_s32s32
                0x1000a8b4                __wrap___aeabi_idiv
                0x1000a8bc                divmod_s32s32_unsafe
                0x1000a8e8                divmod_s32s32_savestate
 .text.__wrap___aeabi_uidiv
                0x1000a904       0x4c CMakeFiles/doom_tiny.dir/Users/zapp/dev/dc32_nibbler/pico-sdk/src/rp2_common/pico_divider/divider.S.obj
                0x1000a904                __wrap___aeabi_uidiv
                0x1000a904                __wrap___aeabi_uidivmod
                0x1000a904                div_u32u32
                0x1000a904                divmod_u32u32
                0x1000a90c                divmod_u32u32_unsafe
                0x1000a934                divmod_u32u32_savestate
 .text.__wrap___aeabi_ldiv
                0x1000a950      0x424 CMakeFiles/doom_tiny.dir/Users/zapp/dev/dc32_nibbler/pico-sdk/src/rp2_common/pico_divider/divider.S.obj
                0x1000a950                __wrap___aeabi_ldivmod
                0x1000a950                div_s64s64
                0x1000a950                divmod_s64s64
                0x1000a980                divmod_u64u64
                0x1000a980                div_u64u64
                0x1000a980                __wrap___aeabi_uldivmod
                0x1000a990                divmod_u64u64_savestate
                0x1000a9b0                divmod_s64s64_unsafe
                0x1000aa38                divmod_u64u64_unsafe
 .text.__wrap___aeabi_darithmetic
                0x1000ad74       0x80 CMakeFiles/doom_tiny.dir/Users/zapp/dev/dc32_nibbler/pico-sdk/src/rp2_common/pico_double/double_aeabi.S.obj
                0x1000ad74                __wrap___aeabi_drsub
                0x1000ad7a                __wrap___aeabi_dsub
                0x1000ad8c                __wrap___aeabi_dadd
                0x1000ad9e                __wrap___aeabi_ddiv
                0x1000adda                __wrap___aeabi_dmul
 .text.__wrap___aeabi_cdcmple
                0x1000adf4       0x6c CMakeFiles/doom_tiny.dir/Users/zapp/dev/dc32_nibbler/pico-sdk/src/rp2_common/pico_double/double_aeabi.S.obj
                0x1000adf4                __wrap___aeabi_cdrcmple
                0x1000ae04                __wrap___aeabi_cdcmple
                0x1000ae04                __wrap___aeabi_cdcmpeq
 .text.__wrap___aeabi_dcmplt
                0x1000ae60        0xc CMakeFiles/doom_tiny.dir/Users/zapp/dev/dc32_nibbler/pico-sdk/src/rp2_common/pico_double/double_aeabi.S.obj
                0x1000ae60                __wrap___aeabi_dcmplt
 .text.__wrap___aeabi_dcmple
                0x1000ae6c       0x10 CMakeFiles/doom_tiny.dir/Users/zapp/dev/dc32_nibbler/pico-sdk/src/rp2_common/pico_double/double_aeabi.S.obj
                0x1000ae6c                __wrap___aeabi_dcmple
 .text.__wrap___aeabi_dcmpge
                0x1000ae7c       0x10 CMakeFiles/doom_tiny.dir/Users/zapp/dev/dc32_nibbler/pico-sdk/src/rp2_common/pico_double/double_aeabi.S.obj
                0x1000ae7c                __wrap___aeabi_dcmpge
 .text.__wrap___aeabi_dcmpgt
                0x1000ae8c        0xa CMakeFiles/doom_tiny.dir/Users/zapp/dev/dc32_nibbler/pico-sdk/src/rp2_common/pico_double/double_aeabi.S.obj
                0x1000ae8c                __wrap___aeabi_dcmpgt
 .text.__wrap___aeabi_dcmpun
                0x1000ae96       0x1c CMakeFiles/doom_tiny.dir/Users/zapp/dev/dc32_nibbler/pico-sdk/src/rp2_common/pico_double/double_aeabi.S.obj
                0x1000ae96                __wrap___aeabi_dcmpun
 *fill*         0x1000aeb2        0x2 
 .text.__wrap___aeabi_i2d
                0x1000aeb4       0x38 CMakeFiles/doom_tiny.dir/Users/zapp/dev/dc32_nibbler/pico-sdk/src/rp2_common/pico_double/double_aeabi.S.obj
                0x1000aeb4                __wrap___aeabi_ui2d
                0x1000aebc                __wrap___aeabi_i2d
 .text.__wrap___aeabi_d2iz
                0x1000aeec       0x48 CMakeFiles/doom_tiny.dir/Users/zapp/dev/dc32_nibbler/pico-sdk/src/rp2_common/pico_double/double_aeabi.S.obj
                0x1000aeec                __wrap___aeabi_d2iz
                0x1000aeec                double2int_z
 .text.__wrap___aeabi_d2uiz
                0x1000af34       0x18 CMakeFiles/doom_tiny.dir/Users/zapp/dev/dc32_nibbler/pico-sdk/src/rp2_common/pico_double/double_aeabi.S.obj
                0x1000af34                double2uint
                0x1000af34                __wrap___aeabi_d2uiz
 .text.__aeabi_double_init
                0x1000af4c       0xcc CMakeFiles/doom_tiny.dir/Users/zapp/dev/dc32_nibbler/pico-sdk/src/rp2_common/pico_double/double_init_rom.c.obj
                0x1000af4c                __aeabi_double_init
 .text.double_table_shim_on_use_helper
                0x1000b018       0x34 CMakeFiles/doom_tiny.dir/Users/zapp/dev/dc32_nibbler/pico-sdk/src/rp2_common/pico_double/double_v1_rom_shim.S.obj
                0x1000b018                double_table_shim_on_use_helper
 .text.__wrap___aeabi_dsub
                0x1000b04c       0x10 CMakeFiles/doom_tiny.dir/Users/zapp/dev/dc32_nibbler/pico-sdk/src/rp2_common/pico_double/double_v1_rom_shim.S.obj
                0x1000b04c                drsub_shim
                0x1000b052                dsub_shim
 .text.dadd_shim
                0x1000b05c      0x15c CMakeFiles/doom_tiny.dir/Users/zapp/dev/dc32_nibbler/pico-sdk/src/rp2_common/pico_double/double_v1_rom_shim.S.obj
                0x1000b05c                dadd_shim
 .text.dmul_shim
                0x1000b1b8      0x15c CMakeFiles/doom_tiny.dir/Users/zapp/dev/dc32_nibbler/pico-sdk/src/rp2_common/pico_double/double_v1_rom_shim.S.obj
                0x1000b1b8                dmul_shim
 .text.ddiv_shim
                0x1000b314      0x1b0 CMakeFiles/doom_tiny.dir/Users/zapp/dev/dc32_nibbler/pico-sdk/src/rp2_common/pico_double/double_v1_rom_shim.S.obj
                0x1000b314                ddiv_shim
 .text.double2uint_shim
                0x1000b4c4        0xe CMakeFiles/doom_tiny.dir/Users/zapp/dev/dc32_nibbler/pico-sdk/src/rp2_common/pico_double/double_v1_rom_shim.S.obj
                0x1000b4c4                double2uint_shim
                0x1000b4c6                double2ufix_shim
 *fill*         0x1000b4d2        0x2 
 .text.double2uint64_shim
                0x1000b4d4       0x70 CMakeFiles/doom_tiny.dir/Users/zapp/dev/dc32_nibbler/pico-sdk/src/rp2_common/pico_double/double_v1_rom_shim.S.obj
                0x1000b4d4                double2uint64_shim
                0x1000b4d6                double2ufix64_shim
                0x1000b4f6                d2fix_a
 .text.dunpacks
                0x1000b544       0x3c CMakeFiles/doom_tiny.dir/Users/zapp/dev/dc32_nibbler/pico-sdk/src/rp2_common/pico_double/double_v1_rom_shim.S.obj
                0x1000b544                dunpacks
 .text.__aeabi_lmul
                0x1000b580       0x32 CMakeFiles/doom_tiny.dir/Users/zapp/dev/dc32_nibbler/pico-sdk/src/rp2_common/pico_int64_ops/pico_int64_ops_aeabi.S.obj
                0x1000b580                __wrap___aeabi_lmul
 *fill*         0x1000b5b2        0x2 
 .text.__aeabi_float_init
                0x1000b5b4       0xfc CMakeFiles/doom_tiny.dir/Users/zapp/dev/dc32_nibbler/pico-sdk/src/rp2_common/pico_float/float_init_rom.c.obj
                0x1000b5b4                __aeabi_float_init
 .text.float_table_shim_on_use_helper
                0x1000b6b0       0x34 CMakeFiles/doom_tiny.dir/Users/zapp/dev/dc32_nibbler/pico-sdk/src/rp2_common/pico_float/float_v1_rom_shim.S.obj
                0x1000b6b0                float_table_shim_on_use_helper
 .text          0x1000b6e4       0x10 CMakeFiles/doom_tiny.dir/Users/zapp/dev/dc32_nibbler/pico-sdk/src/rp2_common/pico_mem_ops/mem_ops_aeabi.S.obj
                0x1000b6e4                __aeabi_mem_init
 .text.memset   0x1000b6f4        0xc CMakeFiles/doom_tiny.dir/Users/zapp/dev/dc32_nibbler/pico-sdk/src/rp2_common/pico_mem_ops/mem_ops_aeabi.S.obj
                0x1000b6f4                __wrap_memset
 .text.memcpy   0x1000b700        0xc CMakeFiles/doom_tiny.dir/Users/zapp/dev/dc32_nibbler/pico-sdk/src/rp2_common/pico_mem_ops/mem_ops_aeabi.S.obj
                0x1000b700                __wrap___aeabi_memcpy
                0x1000b700                __wrap_memcpy
 .text.stdio_out_chars_no_crlf
                0x1000b70c        0xe CMakeFiles/doom_tiny.dir/Users/zapp/dev/dc32_nibbler/pico-sdk/src/rp2_common/pico_stdio/stdio.c.obj
 *fill*         0x1000b71a        0x2 
 .text.stdio_out_chars_crlf
                0x1000b71c       0x80 CMakeFiles/doom_tiny.dir/Users/zapp/dev/dc32_nibbler/pico-sdk/src/rp2_common/pico_stdio/stdio.c.obj
 .text.stdio_stack_buffer_flush
                0x1000b79c       0x44 CMakeFiles/doom_tiny.dir/Users/zapp/dev/dc32_nibbler/pico-sdk/src/rp2_common/pico_stdio/stdio.c.obj
 .text.stdio_buffered_printer
                0x1000b7e0       0x20 CMakeFiles/doom_tiny.dir/Users/zapp/dev/dc32_nibbler/pico-sdk/src/rp2_common/pico_stdio/stdio.c.obj
 .text.update_us_since_boot
                0x1000b800       0x24 CMakeFiles/doom_tiny.dir/Users/zapp/dev/dc32_nibbler/pico-sdk/src/rp2_common/pico_stdio/stdio.c.obj
 .text.get_absolute_time
                0x1000b824       0x22 CMakeFiles/doom_tiny.dir/Users/zapp/dev/dc32_nibbler/pico-sdk/src/rp2_common/pico_stdio/stdio.c.obj
 *fill*         0x1000b846        0x2 
 .text.delayed_by_ms
                0x1000b848       0x44 CMakeFiles/doom_tiny.dir/Users/zapp/dev/dc32_nibbler/pico-sdk/src/rp2_common/pico_stdio/stdio.c.obj
 .text.make_timeout_time_ms
                0x1000b88c       0x20 CMakeFiles/doom_tiny.dir/Users/zapp/dev/dc32_nibbler/pico-sdk/src/rp2_common/pico_stdio/stdio.c.obj
 .text.stdout_serialize_begin
                0x1000b8ac       0x20 CMakeFiles/doom_tiny.dir/Users/zapp/dev/dc32_nibbler/pico-sdk/src/rp2_common/pico_stdio/stdio.c.obj
                0x1000b8ac                stdout_serialize_begin
 .text.stdout_serialize_end
                0x1000b8cc       0x10 CMakeFiles/doom_tiny.dir/Users/zapp/dev/dc32_nibbler/pico-sdk/src/rp2_common/pico_stdio/stdio.c.obj
                0x1000b8cc                stdout_serialize_end
 .text.stdio_put_string
                0x1000b8dc       0x98 CMakeFiles/doom_tiny.dir/Users/zapp/dev/dc32_nibbler/pico-sdk/src/rp2_common/pico_stdio/stdio.c.obj
 .text.__wrap_putchar
                0x1000b974       0x1c CMakeFiles/doom_tiny.dir/Users/zapp/dev/dc32_nibbler/pico-sdk/src/rp2_common/pico_stdio/stdio.c.obj
                0x1000b974                __wrap_putchar
 .text.stdio_flush
                0x1000b990       0x20 CMakeFiles/doom_tiny.dir/Users/zapp/dev/dc32_nibbler/pico-sdk/src/rp2_common/pico_stdio/stdio.c.obj
                0x1000b990                stdio_flush
 .text.__wrap_puts
                0x1000b9b0       0x1e CMakeFiles/doom_tiny.dir/Users/zapp/dev/dc32_nibbler/pico-sdk/src/rp2_common/pico_stdio/stdio.c.obj
                0x1000b9b0                __wrap_puts
 *fill*         0x1000b9ce        0x2 
 .text.__wrap_vprintf
                0x1000b9d0       0x40 CMakeFiles/doom_tiny.dir/Users/zapp/dev/dc32_nibbler/pico-sdk/src/rp2_common/pico_stdio/stdio.c.obj
                0x1000b9d0                __wrap_vprintf
 .text.__wrap_printf
                0x1000ba10       0x18 CMakeFiles/doom_tiny.dir/Users/zapp/dev/dc32_nibbler/pico-sdk/src/rp2_common/pico_stdio/stdio.c.obj
                0x1000ba10                __wrap_printf
 .text.stdio_init_all
                0x1000ba28        0x4 CMakeFiles/doom_tiny.dir/Users/zapp/dev/dc32_nibbler/pico-sdk/src/rp2_common/pico_stdio/stdio.c.obj
                0x1000ba28                stdio_init_all
 .text.core1_trampoline
                0x1000ba2c        0x2 CMakeFiles/doom_tiny.dir/Users/zapp/dev/dc32_nibbler/pico-sdk/src/rp2_common/pico_multicore/multicore.c.obj
 .text.core1_wrapper
                0x1000ba2e        0xc CMakeFiles/doom_tiny.dir/Users/zapp/dev/dc32_nibbler/pico-sdk/src/rp2_common/pico_multicore/multicore.c.obj
                0x1000ba2e                core1_wrapper
 .text.multicore_fifo_push_blocking
                0x1000ba3a       0x14 CMakeFiles/doom_tiny.dir/Users/zapp/dev/dc32_nibbler/pico-sdk/src/rp2_common/pico_multicore/multicore.c.obj
                0x1000ba3a                multicore_fifo_push_blocking
 .text.multicore_fifo_pop_blocking
                0x1000ba4e       0x16 CMakeFiles/doom_tiny.dir/Users/zapp/dev/dc32_nibbler/pico-sdk/src/rp2_common/pico_multicore/multicore.c.obj
                0x1000ba4e                multicore_fifo_pop_blocking
 .text.multicore_reset_core1
                0x1000ba64       0x28 CMakeFiles/doom_tiny.dir/Users/zapp/dev/dc32_nibbler/pico-sdk/src/rp2_common/pico_multicore/multicore.c.obj
                0x1000ba64                multicore_reset_core1
 .text.multicore_launch_core1_raw
                0x1000ba8c       0x70 CMakeFiles/doom_tiny.dir/Users/zapp/dev/dc32_nibbler/pico-sdk/src/rp2_common/pico_multicore/multicore.c.obj
                0x1000ba8c                multicore_launch_core1_raw
 .text.multicore_launch_core1_with_stack
                0x1000bafc       0x50 CMakeFiles/doom_tiny.dir/Users/zapp/dev/dc32_nibbler/pico-sdk/src/rp2_common/pico_multicore/multicore.c.obj
                0x1000bafc                multicore_launch_core1_with_stack
 .text.multicore_launch_core1
                0x1000bb4c       0x24 CMakeFiles/doom_tiny.dir/Users/zapp/dev/dc32_nibbler/pico-sdk/src/rp2_common/pico_multicore/multicore.c.obj
                0x1000bb4c                multicore_launch_core1
 .text.dma_channel_is_busy
                0x1000bb70       0x14 CMakeFiles/doom_tiny.dir/Users/zapp/dev/pico/pico-extras/src/rp2_common/pico_scanvideo_dpi/scanvideo.c.obj
 .text.abort_all_dma_channels_assuming_no_irq_preemption
                0x1000bb84       0x2c CMakeFiles/doom_tiny.dir/Users/zapp/dev/pico/pico-extras/src/rp2_common/pico_scanvideo_dpi/scanvideo.c.obj
 .text.update_dma_transfer_state_irqs_enabled.part.0
                0x1000bbb0       0x1c CMakeFiles/doom_tiny.dir/Users/zapp/dev/pico/pico-extras/src/rp2_common/pico_scanvideo_dpi/scanvideo.c.obj
 .text.scanvideo_set_scanline_release_fn
                0x1000bbcc        0xc CMakeFiles/doom_tiny.dir/Users/zapp/dev/pico/pico-extras/src/rp2_common/pico_scanvideo_dpi/scanvideo.c.obj
                0x1000bbcc                scanvideo_set_scanline_release_fn
 .text.scanvideo_setup_with_timing
                0x1000bbd8      0x44c CMakeFiles/doom_tiny.dir/Users/zapp/dev/pico/pico-extras/src/rp2_common/pico_scanvideo_dpi/scanvideo.c.obj
                0x1000bbd8                scanvideo_setup_with_timing
 .text.scanvideo_setup
                0x1000c024        0xc CMakeFiles/doom_tiny.dir/Users/zapp/dev/pico/pico-extras/src/rp2_common/pico_scanvideo_dpi/scanvideo.c.obj
                0x1000c024                scanvideo_setup
 .text.scanvideo_default_configure_pio
                0x1000c030       0x68 CMakeFiles/doom_tiny.dir/Users/zapp/dev/pico/pico-extras/src/rp2_common/pico_scanvideo_dpi/scanvideo.c.obj
                0x1000c030                scanvideo_default_configure_pio
 .text.scanvideo_timing_enable
                0x1000c098       0xa0 CMakeFiles/doom_tiny.dir/Users/zapp/dev/pico/pico-extras/src/rp2_common/pico_scanvideo_dpi/scanvideo.c.obj
                0x1000c098                scanvideo_timing_enable
 .text.dma_channel_claim
                0x1000c138       0x18 CMakeFiles/doom_tiny.dir/Users/zapp/dev/dc32_nibbler/pico-sdk/src/rp2_common/hardware_dma/dma.c.obj
                0x1000c138                dma_channel_claim
 .text.dma_claim_mask
                0x1000c150       0x1e CMakeFiles/doom_tiny.dir/Users/zapp/dev/dc32_nibbler/pico-sdk/src/rp2_common/hardware_dma/dma.c.obj
                0x1000c150                dma_claim_mask
 .text.pio_get_default_sm_config
                0x1000c16e       0x28 CMakeFiles/doom_tiny.dir/Users/zapp/dev/dc32_nibbler/pico-sdk/src/rp2_common/hardware_pio/pio.c.obj
 *fill*         0x1000c196        0x2 
 .text._pio_can_add_program_at_offset
                0x1000c198       0x3c CMakeFiles/doom_tiny.dir/Users/zapp/dev/dc32_nibbler/pico-sdk/src/rp2_common/hardware_pio/pio.c.obj
 .text._pio_find_offset_for_program
                0x1000c1d4       0x7c CMakeFiles/doom_tiny.dir/Users/zapp/dev/dc32_nibbler/pico-sdk/src/rp2_common/hardware_pio/pio.c.obj
 .text._pio_add_program_at_offset
                0x1000c250       0x7c CMakeFiles/doom_tiny.dir/Users/zapp/dev/dc32_nibbler/pico-sdk/src/rp2_common/hardware_pio/pio.c.obj
 .text.pio_sm_claim
                0x1000c2cc       0x30 CMakeFiles/doom_tiny.dir/Users/zapp/dev/dc32_nibbler/pico-sdk/src/rp2_common/hardware_pio/pio.c.obj
                0x1000c2cc                pio_sm_claim
 .text.pio_claim_sm_mask
                0x1000c2fc       0x22 CMakeFiles/doom_tiny.dir/Users/zapp/dev/dc32_nibbler/pico-sdk/src/rp2_common/hardware_pio/pio.c.obj
                0x1000c2fc                pio_claim_sm_mask
 *fill*         0x1000c31e        0x2 
 .text.pio_add_program
                0x1000c320       0x38 CMakeFiles/doom_tiny.dir/Users/zapp/dev/dc32_nibbler/pico-sdk/src/rp2_common/hardware_pio/pio.c.obj
                0x1000c320                pio_add_program
 .text.pio_sm_set_consecutive_pindirs
                0x1000c358       0xa4 CMakeFiles/doom_tiny.dir/Users/zapp/dev/dc32_nibbler/pico-sdk/src/rp2_common/hardware_pio/pio.c.obj
                0x1000c358                pio_sm_set_consecutive_pindirs
 .text.pio_sm_init
                0x1000c3fc       0xb0 CMakeFiles/doom_tiny.dir/Users/zapp/dev/dc32_nibbler/pico-sdk/src/rp2_common/hardware_pio/pio.c.obj
                0x1000c3fc                pio_sm_init
 .text.spi_set_baudrate
                0x1000c4ac       0xc2 CMakeFiles/doom_tiny.dir/Users/zapp/dev/dc32_nibbler/pico-sdk/src/rp2_common/hardware_spi/spi.c.obj
                0x1000c4ac                spi_set_baudrate
 *fill*         0x1000c56e        0x2 
 .text.spi_init
                0x1000c570       0x74 CMakeFiles/doom_tiny.dir/Users/zapp/dev/dc32_nibbler/pico-sdk/src/rp2_common/hardware_spi/spi.c.obj
                0x1000c570                spi_init
 .text.OPL_Init
                0x1000c5e4       0x1c CMakeFiles/doom_tiny.dir/__/opl/opl_api.c.obj
                0x1000c5e4                OPL_Init
 .text.OPL_Shutdown
                0x1000c600       0x1c CMakeFiles/doom_tiny.dir/__/opl/opl_api.c.obj
                0x1000c600                OPL_Shutdown
 .text.OPL_WritePort
                0x1000c61c       0x14 CMakeFiles/doom_tiny.dir/__/opl/opl_api.c.obj
                0x1000c61c                OPL_WritePort
 .text.OPL_ReadPort
                0x1000c630       0x18 CMakeFiles/doom_tiny.dir/__/opl/opl_api.c.obj
                0x1000c630                OPL_ReadPort
 .text.OPL_ReadStatus
                0x1000c648        0xa CMakeFiles/doom_tiny.dir/__/opl/opl_api.c.obj
                0x1000c648                OPL_ReadStatus
 .text.OPL_WriteRegister
                0x1000c652       0x42 CMakeFiles/doom_tiny.dir/__/opl/opl_api.c.obj
                0x1000c652                OPL_WriteRegister
 .text.OPL_InitRegisters
                0x1000c694       0xbe CMakeFiles/doom_tiny.dir/__/opl/opl_api.c.obj
                0x1000c694                OPL_InitRegisters
 *fill*         0x1000c752        0x2 
 .text.OPL_SetCallback
                0x1000c754       0x14 CMakeFiles/doom_tiny.dir/__/opl/opl_api.c.obj
                0x1000c754                OPL_SetCallback
 .text.OPL_ClearCallbacks
                0x1000c768       0x14 CMakeFiles/doom_tiny.dir/__/opl/opl_api.c.obj
                0x1000c768                OPL_ClearCallbacks
 .text.OPL_Lock
                0x1000c77c       0x14 CMakeFiles/doom_tiny.dir/__/opl/opl_api.c.obj
                0x1000c77c                OPL_Lock
 .text.OPL_Unlock
                0x1000c790       0x14 CMakeFiles/doom_tiny.dir/__/opl/opl_api.c.obj
                0x1000c790                OPL_Unlock
 .text.OPL_SetPaused
                0x1000c7a4       0x14 CMakeFiles/doom_tiny.dir/__/opl/opl_api.c.obj
                0x1000c7a4                OPL_SetPaused
 .text.OPL_AdjustCallbacks
                0x1000c7b8       0x14 CMakeFiles/doom_tiny.dir/__/opl/opl_api.c.obj
                0x1000c7b8                OPL_AdjustCallbacks
 .text.makeRksTable
                0x1000c7cc       0x60 CMakeFiles/doom_tiny.dir/__/opl/emu8950.c.obj
 .text.initializeTables
                0x1000c82c       0x14 CMakeFiles/doom_tiny.dir/__/opl/emu8950.c.obj
 .text.get_parameter_rate
                0x1000c840       0x3e CMakeFiles/doom_tiny.dir/__/opl/emu8950.c.obj
 *fill*         0x1000c87e        0x2 
 .text.commit_slot_update
                0x1000c880       0xc4 CMakeFiles/doom_tiny.dir/__/opl/emu8950.c.obj
 .text.slotOn   0x1000c944       0x66 CMakeFiles/doom_tiny.dir/__/opl/emu8950.c.obj
 .text.update_key_status
                0x1000c9aa       0xb0 CMakeFiles/doom_tiny.dir/__/opl/emu8950.c.obj
 .text.set_fnumber
                0x1000ca5a       0x74 CMakeFiles/doom_tiny.dir/__/opl/emu8950.c.obj
 .text.set_block
                0x1000cace       0x7c CMakeFiles/doom_tiny.dir/__/opl/emu8950.c.obj
 *fill*         0x1000cb4a        0x2 
 .text.reset_slot
                0x1000cb4c       0x24 CMakeFiles/doom_tiny.dir/__/opl/emu8950.c.obj
 .text.update_perc_mode
                0x1000cb70       0x28 CMakeFiles/doom_tiny.dir/__/opl/emu8950.c.obj
 .text.OPL_reset
                0x1000cb98       0x38 CMakeFiles/doom_tiny.dir/__/opl/emu8950.c.obj
                0x1000cb98                OPL_reset
 .text.OPL_new  0x1000cbd0       0x34 CMakeFiles/doom_tiny.dir/__/opl/emu8950.c.obj
                0x1000cbd0                OPL_new
 .text.OPL_calc_buffer_linear
                0x1000cc04      0x228 CMakeFiles/doom_tiny.dir/__/opl/emu8950.c.obj
                0x1000cc04                OPL_calc_buffer_linear
 .text.OPL_calc_buffer_stereo
                0x1000ce2c       0x4c CMakeFiles/doom_tiny.dir/__/opl/emu8950.c.obj
                0x1000ce2c                OPL_calc_buffer_stereo
 .text.OPL_writeReg
                0x1000ce78      0x27c CMakeFiles/doom_tiny.dir/__/opl/emu8950.c.obj
                0x1000ce78                OPL_writeReg
 .text._ZL11calc_samplePK11SLOT_RENDERms
                0x1000d0f4       0x50 CMakeFiles/doom_tiny.dir/__/opl/slot_render.cpp.obj
 .text._Z18slot_envelope_loopILi7ERFvP11SLOT_RENDERRmmEEmOT0_S1_mmm
                0x1000d144       0xf8 CMakeFiles/doom_tiny.dir/__/opl/slot_render.cpp.obj
                0x1000d144                unsigned long slot_envelope_loop<7, void (&)(SLOT_RENDER*, unsigned long&, unsigned long)>(void (&)(SLOT_RENDER*, unsigned long&, unsigned long), SLOT_RENDER*, unsigned long, unsigned long, unsigned long)
 .text._Z18slot_envelope_loopILi3ERFvP11SLOT_RENDERRmmEEmOT0_S1_mmm
                0x1000d23c       0xf8 CMakeFiles/doom_tiny.dir/__/opl/slot_render.cpp.obj
                0x1000d23c                unsigned long slot_envelope_loop<3, void (&)(SLOT_RENDER*, unsigned long&, unsigned long)>(void (&)(SLOT_RENDER*, unsigned long&, unsigned long), SLOT_RENDER*, unsigned long, unsigned long, unsigned long)
 .text._Z18slot_envelope_loopILi5ERFvP11SLOT_RENDERRmmEEmOT0_S1_mmm
                0x1000d334       0xf8 CMakeFiles/doom_tiny.dir/__/opl/slot_render.cpp.obj
                0x1000d334                unsigned long slot_envelope_loop<5, void (&)(SLOT_RENDER*, unsigned long&, unsigned long)>(void (&)(SLOT_RENDER*, unsigned long&, unsigned long), SLOT_RENDER*, unsigned long, unsigned long, unsigned long)
 .text._Z18slot_envelope_loopILi1ERFvP11SLOT_RENDERRmmEEmOT0_S1_mmm
                0x1000d42c       0xf8 CMakeFiles/doom_tiny.dir/__/opl/slot_render.cpp.obj
                0x1000d42c                unsigned long slot_envelope_loop<1, void (&)(SLOT_RENDER*, unsigned long&, unsigned long)>(void (&)(SLOT_RENDER*, unsigned long&, unsigned long), SLOT_RENDER*, unsigned long, unsigned long, unsigned long)
 .text._Z15slot_mod_linearILb1EEmPvP11SLOT_RENDERmmm
                0x1000d524       0x68 CMakeFiles/doom_tiny.dir/__/opl/slot_render.cpp.obj
                0x1000d524                unsigned long slot_mod_linear<true>(void*, SLOT_RENDER*, unsigned long, unsigned long, unsigned long)
 .text._Z18slot_envelope_loopILi6ERFvP11SLOT_RENDERRmmEEmOT0_S1_mmm
                0x1000d58c       0xf8 CMakeFiles/doom_tiny.dir/__/opl/slot_render.cpp.obj